Archive member included because of file (symbol)

d:/imt_embedded/imt_sdk_win_64.rar-20230816t063513z-001/imt_sdk_win_64/imt_sdk_win_64/winavr/bin/../lib/gcc/avr/4.3.3/avr5\libgcc.a(_mulsi3.o)
                              ./LCD.o (__mulsi3)
d:/imt_embedded/imt_sdk_win_64.rar-20230816t063513z-001/imt_sdk_win_64/imt_sdk_win_64/winavr/bin/../lib/gcc/avr/4.3.3/avr5\libgcc.a(_udivmodqi4.o)
                              ./Application_Header.o (__udivmodqi4)
d:/imt_embedded/imt_sdk_win_64.rar-20230816t063513z-001/imt_sdk_win_64/imt_sdk_win_64/winavr/bin/../lib/gcc/avr/4.3.3/avr5\libgcc.a(_udivmodhi4.o)
                              ./Application_Header.o (__udivmodhi4)
d:/imt_embedded/imt_sdk_win_64.rar-20230816t063513z-001/imt_sdk_win_64/imt_sdk_win_64/winavr/bin/../lib/gcc/avr/4.3.3/avr5\libgcc.a(_udivmodsi4.o)
                              ./LCD.o (__udivmodsi4)
d:/imt_embedded/imt_sdk_win_64.rar-20230816t063513z-001/imt_sdk_win_64/imt_sdk_win_64/winavr/bin/../lib/gcc/avr/4.3.3/avr5\libgcc.a(_divmodsi4.o)
                              ./LCD.o (__divmodsi4)
d:/imt_embedded/imt_sdk_win_64.rar-20230816t063513z-001/imt_sdk_win_64/imt_sdk_win_64/winavr/bin/../lib/gcc/avr/4.3.3/avr5\libgcc.a(_exit.o)
                              d:/imt_embedded/imt_sdk_win_64.rar-20230816t063513z-001/imt_sdk_win_64/imt_sdk_win_64/winavr/bin/../lib/gcc/avr/4.3.3/../../../../avr/lib/avr5/crtm32.o (exit)
d:/imt_embedded/imt_sdk_win_64.rar-20230816t063513z-001/imt_sdk_win_64/imt_sdk_win_64/winavr/bin/../lib/gcc/avr/4.3.3/avr5\libgcc.a(_copy_data.o)
                              ./Application_Header.o (__do_copy_data)
d:/imt_embedded/imt_sdk_win_64.rar-20230816t063513z-001/imt_sdk_win_64/imt_sdk_win_64/winavr/bin/../lib/gcc/avr/4.3.3/avr5\libgcc.a(_clear_bss.o)
                              ./Application_Header.o (__do_clear_bss)
d:/imt_embedded/imt_sdk_win_64.rar-20230816t063513z-001/imt_sdk_win_64/imt_sdk_win_64/winavr/bin/../lib/gcc/avr/4.3.3/../../../../avr/lib/avr5\libc.a(memcpy.o)
                              ./queue.o (memcpy)
d:/imt_embedded/imt_sdk_win_64.rar-20230816t063513z-001/imt_sdk_win_64/imt_sdk_win_64/winavr/bin/../lib/gcc/avr/4.3.3/../../../../avr/lib/avr5\libc.a(eerd_byte_atmega32.o)
                              ./Application_Header.o (__eerd_byte_m32)

Memory Configuration

Name             Origin             Length             Attributes
text             0x00000000         0x00020000         xr
data             0x00800060         0x0000ffa0         rw !x
eeprom           0x00810000         0x00010000         rw !x
fuse             0x00820000         0x00000400         rw !x
lock             0x00830000         0x00000400         rw !x
signature        0x00840000         0x00000400         rw !x
*default*        0x00000000         0xffffffff

Linker script and memory map

LOAD d:/imt_embedded/imt_sdk_win_64.rar-20230816t063513z-001/imt_sdk_win_64/imt_sdk_win_64/winavr/bin/../lib/gcc/avr/4.3.3/../../../../avr/lib/avr5/crtm32.o
LOAD ./ADC.o
LOAD ./Application_Header.o
LOAD ./DIO.o
LOAD ./HomemadeRTOS.o
LOAD ./I2C.o
LOAD ./Internal_EEPROM.o
LOAD ./Interrupt.o
LOAD ./Keypad.o
LOAD ./LCD.o
LOAD ./SPI.o
LOAD ./Timer0.o
LOAD ./Timer1.o
LOAD ./UART.o
LOAD ./croutine.o
LOAD ./ds3231.o
LOAD ./heap_4.o
LOAD ./list.o
LOAD ./main.o
LOAD ./port.o
LOAD ./queue.o
LOAD ./ssd1306.o
LOAD ./tasks.o
LOAD ./timers.o
LOAD d:/imt_embedded/imt_sdk_win_64.rar-20230816t063513z-001/imt_sdk_win_64/imt_sdk_win_64/winavr/bin/../lib/gcc/avr/4.3.3/avr5\libgcc.a
LOAD d:/imt_embedded/imt_sdk_win_64.rar-20230816t063513z-001/imt_sdk_win_64/imt_sdk_win_64/winavr/bin/../lib/gcc/avr/4.3.3/../../../../avr/lib/avr5\libc.a
LOAD d:/imt_embedded/imt_sdk_win_64.rar-20230816t063513z-001/imt_sdk_win_64/imt_sdk_win_64/winavr/bin/../lib/gcc/avr/4.3.3/avr5\libgcc.a

.hash
 *(.hash)

.dynsym
 *(.dynsym)

.dynstr
 *(.dynstr)

.gnu.version
 *(.gnu.version)

.gnu.version_d
 *(.gnu.version_d)

.gnu.version_r
 *(.gnu.version_r)

.rel.init
 *(.rel.init)

.rela.init
 *(.rela.init)

.rel.text
 *(.rel.text)
 *(.rel.text.*)
 *(.rel.gnu.linkonce.t*)

.rela.text
 *(.rela.text)
 *(.rela.text.*)
 *(.rela.gnu.linkonce.t*)

.rel.fini
 *(.rel.fini)

.rela.fini
 *(.rela.fini)

.rel.rodata
 *(.rel.rodata)
 *(.rel.rodata.*)
 *(.rel.gnu.linkonce.r*)

.rela.rodata
 *(.rela.rodata)
 *(.rela.rodata.*)
 *(.rela.gnu.linkonce.r*)

.rel.data
 *(.rel.data)
 *(.rel.data.*)
 *(.rel.gnu.linkonce.d*)

.rela.data
 *(.rela.data)
 *(.rela.data.*)
 *(.rela.gnu.linkonce.d*)

.rel.ctors
 *(.rel.ctors)

.rela.ctors
 *(.rela.ctors)

.rel.dtors
 *(.rel.dtors)

.rela.dtors
 *(.rela.dtors)

.rel.got
 *(.rel.got)

.rela.got
 *(.rela.got)

.rel.bss
 *(.rel.bss)

.rela.bss
 *(.rela.bss)

.rel.plt
 *(.rel.plt)

.rela.plt
 *(.rela.plt)

.text           0x00000000     0x49b4
 *(.vectors)
 .vectors       0x00000000       0x54 d:/imt_embedded/imt_sdk_win_64.rar-20230816t063513z-001/imt_sdk_win_64/imt_sdk_win_64/winavr/bin/../lib/gcc/avr/4.3.3/../../../../avr/lib/avr5/crtm32.o
                0x00000000                __vectors
                0x00000000                __vector_default
 *(.vectors)
 *(.progmem.gcc*)
 *(.progmem*)
                0x00000054                . = ALIGN (0x2)
                0x00000054                __trampolines_start = .
 *(.trampolines)
 .trampolines   0x00000054        0x0 linker stubs
 *(.trampolines*)
                0x00000054                __trampolines_end = .
 *(.jumptables)
 *(.jumptables*)
 *(.lowtext)
 *(.lowtext*)
                0x00000054                __ctors_start = .
 *(.ctors)
                0x00000054                __ctors_end = .
                0x00000054                __dtors_start = .
 *(.dtors)
                0x00000054                __dtors_end = .
 SORT(*)(.ctors)
 SORT(*)(.dtors)
 *(.init0)
 .init0         0x00000054        0x0 d:/imt_embedded/imt_sdk_win_64.rar-20230816t063513z-001/imt_sdk_win_64/imt_sdk_win_64/winavr/bin/../lib/gcc/avr/4.3.3/../../../../avr/lib/avr5/crtm32.o
                0x00000054                __init
 *(.init0)
 *(.init1)
 *(.init1)
 *(.init2)
 .init2         0x00000054        0xc d:/imt_embedded/imt_sdk_win_64.rar-20230816t063513z-001/imt_sdk_win_64/imt_sdk_win_64/winavr/bin/../lib/gcc/avr/4.3.3/../../../../avr/lib/avr5/crtm32.o
 *(.init2)
 *(.init3)
 *(.init3)
 *(.init4)
 .init4         0x00000060       0x16 d:/imt_embedded/imt_sdk_win_64.rar-20230816t063513z-001/imt_sdk_win_64/imt_sdk_win_64/winavr/bin/../lib/gcc/avr/4.3.3/avr5\libgcc.a(_copy_data.o)
                0x00000060                __do_copy_data
 .init4         0x00000076       0x10 d:/imt_embedded/imt_sdk_win_64.rar-20230816t063513z-001/imt_sdk_win_64/imt_sdk_win_64/winavr/bin/../lib/gcc/avr/4.3.3/avr5\libgcc.a(_clear_bss.o)
                0x00000076                __do_clear_bss
 *(.init4)
 *(.init5)
 *(.init5)
 *(.init6)
 *(.init6)
 *(.init7)
 *(.init7)
 *(.init8)
 *(.init8)
 *(.init9)
 .init9         0x00000086        0x8 d:/imt_embedded/imt_sdk_win_64.rar-20230816t063513z-001/imt_sdk_win_64/imt_sdk_win_64/winavr/bin/../lib/gcc/avr/4.3.3/../../../../avr/lib/avr5/crtm32.o
 *(.init9)
 *(.text)
 .text          0x0000008e        0x4 d:/imt_embedded/imt_sdk_win_64.rar-20230816t063513z-001/imt_sdk_win_64/imt_sdk_win_64/winavr/bin/../lib/gcc/avr/4.3.3/../../../../avr/lib/avr5/crtm32.o
                0x0000008e                __vector_1
                0x0000008e                __vector_12
                0x0000008e                __bad_interrupt
                0x0000008e                __vector_6
                0x0000008e                __vector_3
                0x0000008e                __vector_11
                0x0000008e                __vector_13
                0x0000008e                __vector_17
                0x0000008e                __vector_19
                0x0000008e                __vector_5
                0x0000008e                __vector_4
                0x0000008e                __vector_9
                0x0000008e                __vector_2
                0x0000008e                __vector_15
                0x0000008e                __vector_8
                0x0000008e                __vector_14
                0x0000008e                __vector_10
                0x0000008e                __vector_16
                0x0000008e                __vector_18
                0x0000008e                __vector_20
 .text          0x00000092        0x0 ./ADC.o
 .text          0x00000092        0x0 ./Application_Header.o
 .text          0x00000092        0x0 ./DIO.o
 .text          0x00000092        0x0 ./HomemadeRTOS.o
 .text          0x00000092        0x0 ./I2C.o
 .text          0x00000092        0x0 ./Internal_EEPROM.o
 .text          0x00000092        0x0 ./Interrupt.o
 .text          0x00000092        0x0 ./Keypad.o
 .text          0x00000092        0x0 ./LCD.o
 .text          0x00000092        0x0 ./SPI.o
 .text          0x00000092        0x0 ./Timer0.o
 .text          0x00000092        0x0 ./Timer1.o
 .text          0x00000092        0x0 ./UART.o
 .text          0x00000092        0x0 ./croutine.o
 .text          0x00000092        0x0 ./ds3231.o
 .text          0x00000092        0x0 ./heap_4.o
 .text          0x00000092        0x0 ./list.o
 .text          0x00000092        0x0 ./main.o
 .text          0x00000092        0x0 ./port.o
 .text          0x00000092        0x0 ./queue.o
 .text          0x00000092        0x0 ./ssd1306.o
 .text          0x00000092        0x0 ./tasks.o
 .text          0x00000092        0x0 ./timers.o
 .text          0x00000092        0x0 d:/imt_embedded/imt_sdk_win_64.rar-20230816t063513z-001/imt_sdk_win_64/imt_sdk_win_64/winavr/bin/../lib/gcc/avr/4.3.3/avr5\libgcc.a(_mulsi3.o)
 .text          0x00000092        0x0 d:/imt_embedded/imt_sdk_win_64.rar-20230816t063513z-001/imt_sdk_win_64/imt_sdk_win_64/winavr/bin/../lib/gcc/avr/4.3.3/avr5\libgcc.a(_udivmodqi4.o)
 .text          0x00000092        0x0 d:/imt_embedded/imt_sdk_win_64.rar-20230816t063513z-001/imt_sdk_win_64/imt_sdk_win_64/winavr/bin/../lib/gcc/avr/4.3.3/avr5\libgcc.a(_udivmodhi4.o)
 .text          0x00000092        0x0 d:/imt_embedded/imt_sdk_win_64.rar-20230816t063513z-001/imt_sdk_win_64/imt_sdk_win_64/winavr/bin/../lib/gcc/avr/4.3.3/avr5\libgcc.a(_udivmodsi4.o)
 .text          0x00000092        0x0 d:/imt_embedded/imt_sdk_win_64.rar-20230816t063513z-001/imt_sdk_win_64/imt_sdk_win_64/winavr/bin/../lib/gcc/avr/4.3.3/avr5\libgcc.a(_divmodsi4.o)
 .text          0x00000092        0x0 d:/imt_embedded/imt_sdk_win_64.rar-20230816t063513z-001/imt_sdk_win_64/imt_sdk_win_64/winavr/bin/../lib/gcc/avr/4.3.3/avr5\libgcc.a(_exit.o)
 .text          0x00000092        0x0 d:/imt_embedded/imt_sdk_win_64.rar-20230816t063513z-001/imt_sdk_win_64/imt_sdk_win_64/winavr/bin/../lib/gcc/avr/4.3.3/avr5\libgcc.a(_copy_data.o)
 .text          0x00000092        0x0 d:/imt_embedded/imt_sdk_win_64.rar-20230816t063513z-001/imt_sdk_win_64/imt_sdk_win_64/winavr/bin/../lib/gcc/avr/4.3.3/avr5\libgcc.a(_clear_bss.o)
 .text          0x00000092        0x0 d:/imt_embedded/imt_sdk_win_64.rar-20230816t063513z-001/imt_sdk_win_64/imt_sdk_win_64/winavr/bin/../lib/gcc/avr/4.3.3/../../../../avr/lib/avr5\libc.a(memcpy.o)
 .text          0x00000092        0x0 d:/imt_embedded/imt_sdk_win_64.rar-20230816t063513z-001/imt_sdk_win_64/imt_sdk_win_64/winavr/bin/../lib/gcc/avr/4.3.3/../../../../avr/lib/avr5\libc.a(eerd_byte_atmega32.o)
                0x00000092                . = ALIGN (0x2)
 *(.text.*)
 .text.ADC_Init
                0x00000092       0x60 ./ADC.o
                0x00000092                ADC_Init
 .text.ADC_Read
                0x000000f2        0xe ./ADC.o
                0x000000f2                ADC_Read
 .text.is_it_leap_year
                0x00000100       0x48 ./Application_Header.o
                0x00000100                is_it_leap_year
 .text.dec_to_bcd
                0x00000148       0x22 ./Application_Header.o
                0x00000148                dec_to_bcd
 .text.bcd_to_dec
                0x0000016a       0x14 ./Application_Header.o
                0x0000016a                bcd_to_dec
 .text.lamp_on_off
                0x0000017e       0x2a ./Application_Header.o
                0x0000017e                lamp_on_off
 .text.black_entire_screen
                0x000001a8       0x4c ./Application_Header.o
                0x000001a8                black_entire_screen
 .text.system_set
                0x000001f4       0x20 ./Application_Header.o
                0x000001f4                system_set
 .text.system_reset
                0x00000214       0x20 ./Application_Header.o
                0x00000214                system_reset
 .text.color_choice_white
                0x00000234      0x158 ./Application_Header.o
                0x00000234                color_choice_white
 .text.color_choice_black
                0x0000038c      0x154 ./Application_Header.o
                0x0000038c                color_choice_black
 .text.boot_check
                0x000004e0       0x2a ./Application_Header.o
                0x000004e0                boot_check
 .text.letter_write
                0x0000050a      0x1d8 ./Application_Header.o
                0x0000050a                letter_write
 .text.day_name_print
                0x000006e2       0x2e ./Application_Header.o
                0x000006e2                day_name_print
 .text.printing_menu_with_choice
                0x00000710      0x148 ./Application_Header.o
                0x00000710                printing_menu_with_choice
 .text.number_write
                0x00000858      0x124 ./Application_Header.o
                0x00000858                number_write
 .text.triple_digit_write
                0x0000097c       0x78 ./Application_Header.o
                0x0000097c                triple_digit_write
 .text.double_digit_write
                0x000009f4       0x3c ./Application_Header.o
                0x000009f4                double_digit_write
 .text.button_check
                0x00000a30       0x7c ./Application_Header.o
                0x00000a30                button_check
 .text.study_timer
                0x00000aac      0x1fe ./Application_Header.o
                0x00000aac                study_timer
 .text.live_clock
                0x00000caa      0x3e0 ./Application_Header.o
                0x00000caa                live_clock
 .text.main_menu
                0x0000108a       0x7e ./Application_Header.o
                0x0000108a                main_menu
 .text.time_menu
                0x00001108      0x8b2 ./Application_Header.o
                0x00001108                time_menu
 .text.name_menu
                0x000019ba      0x18e ./Application_Header.o
                0x000019ba                name_menu
 .text.button_init
                0x00001b48       0x50 ./Application_Header.o
                0x00001b48                button_init
 .text.DIO_SetPortDirection
                0x00001b98       0x52 ./DIO.o
                0x00001b98                DIO_SetPortDirection
 .text.DIO_SetPinDirection
                0x00001bea       0xf2 ./DIO.o
                0x00001bea                DIO_SetPinDirection
 .text.DIO_SetPortValue
                0x00001cdc       0x60 ./DIO.o
                0x00001cdc                DIO_SetPortValue
 .text.DIO_SetPinValue
                0x00001d3c       0xe8 ./DIO.o
                0x00001d3c                DIO_SetPinValue
 .text.DIO_GetPortValue
                0x00001e24       0x28 ./DIO.o
                0x00001e24                DIO_GetPortValue
 .text.DIO_GetPinValue
                0x00001e4c       0x44 ./DIO.o
                0x00001e4c                DIO_GetPinValue
 .text.DIO_TogglePin
                0x00001e90       0x6a ./DIO.o
                0x00001e90                DIO_TogglePin
 .text.DIO_SetPullUpRes
                0x00001efa       0x6a ./DIO.o
                0x00001efa                DIO_SetPullUpRes
 .text.TASK_CREATE
                0x00001f64       0x18 ./HomemadeRTOS.o
                0x00001f64                TASK_CREATE
 .text.Scheduler
                0x00001f7c       0x30 ./HomemadeRTOS.o
                0x00001f7c                Scheduler
 .text.LCD      0x00001fac       0x70 ./HomemadeRTOS.o
                0x00001fac                LCD
 .text.MOTOR    0x0000201c       0x60 ./HomemadeRTOS.o
                0x0000201c                MOTOR
 .text.GRE_BLINK
                0x0000207c       0x14 ./HomemadeRTOS.o
                0x0000207c                GRE_BLINK
 .text.YEL_BLINK
                0x00002090       0x14 ./HomemadeRTOS.o
                0x00002090                YEL_BLINK
 .text.RED_BLINK
                0x000020a4       0x14 ./HomemadeRTOS.o
                0x000020a4                RED_BLINK
 .text.I2C_Init
                0x000020b8        0x6 ./I2C.o
                0x000020b8                I2C_Init
 .text.I2C_Start
                0x000020be       0x3c ./I2C.o
                0x000020be                I2C_Start
 .text.I2C_Repeated_Start
                0x000020fa       0x3c ./I2C.o
                0x000020fa                I2C_Repeated_Start
 .text.I2C_Write
                0x00002136       0x24 ./I2C.o
                0x00002136                I2C_Write
 .text.I2C_Read_ACK
                0x0000215a        0xe ./I2C.o
                0x0000215a                I2C_Read_ACK
 .text.I2C_Read_NACK
                0x00002168        0xe ./I2C.o
                0x00002168                I2C_Read_NACK
 .text.I2C_Stop
                0x00002176        0xc ./I2C.o
                0x00002176                I2C_Stop
 .text.eeprom_address
                0x00002182        0x6 ./Internal_EEPROM.o
                0x00002182                eeprom_address
 .text.eeprom_write
                0x00002188       0x10 ./Internal_EEPROM.o
                0x00002188                eeprom_write
 .text.eeprom_read
                0x00002198        0xe ./Internal_EEPROM.o
                0x00002198                eeprom_read
 .text.Interrupt_Init
                0x000021a6        0x8 ./Interrupt.o
                0x000021a6                Interrupt_Init
 .text.Interrupt0_Init
                0x000021ae       0x1a ./Interrupt.o
                0x000021ae                Interrupt0_Init
 .text.Interrupt1_Init
                0x000021c8       0x1a ./Interrupt.o
                0x000021c8                Interrupt1_Init
 .text.Interrupt2_Init
                0x000021e2       0x14 ./Interrupt.o
                0x000021e2                Interrupt2_Init
 .text.Keypad_Val
                0x000021f6       0xbe ./Keypad.o
                0x000021f6                Keypad_Val
 .text.Keypad_Init
                0x000022b4       0x9a ./Keypad.o
                0x000022b4                Keypad_Init
 .text.LCD_WriteChar
                0x0000234e       0x8c ./LCD.o
                0x0000234e                LCD_WriteChar
 .text.LCD_WriteInteger
                0x000023da      0x102 ./LCD.o
                0x000023da                LCD_WriteInteger
 .text.LCD_WriteString
                0x000024dc       0x1a ./LCD.o
                0x000024dc                LCD_WriteString
 .text.LCD_WriteCommand
                0x000024f6       0x8c ./LCD.o
                0x000024f6                LCD_WriteCommand
 .text.LCD_Clear
                0x00002582        0x8 ./LCD.o
                0x00002582                LCD_Clear
 .text.LCD_GoTo
                0x0000258a       0x1c ./LCD.o
                0x0000258a                LCD_GoTo
 .text.LCD_Init
                0x000025a6       0x6c ./LCD.o
                0x000025a6                LCD_Init
 .text.SPI_Data_Transmit
                0x00002612        0xa ./SPI.o
                0x00002612                SPI_Data_Transmit
 .text.SPI_Transmit_Term
                0x0000261c        0xc ./SPI.o
                0x0000261c                SPI_Transmit_Term
 .text.SPI_Transmit_Start
                0x00002628        0xc ./SPI.o
                0x00002628                SPI_Transmit_Start
 .text.SPI_Slave_Init
                0x00002634       0x2e ./SPI.o
                0x00002634                SPI_Slave_Init
 .text.SPI_Master_Init
                0x00002662       0x2e ./SPI.o
                0x00002662                SPI_Master_Init
 .text.Timer0_Init
                0x00002690       0x1a ./Timer0.o
                0x00002690                Timer0_Init
 .text.Timer0_Start
                0x000026aa       0x14 ./Timer0.o
                0x000026aa                Timer0_Start
 .text.Timer0_Stop
                0x000026be       0x14 ./Timer0.o
                0x000026be                Timer0_Stop
 .text.Timer0_delay_ms
                0x000026d2       0x56 ./Timer0.o
                0x000026d2                Timer0_delay_ms
 .text.minute_delay
                0x00002728       0x28 ./Timer0.o
                0x00002728                minute_delay
 .text.Fast_PWM_Motor
                0x00002750        0x4 ./Timer0.o
                0x00002750                Fast_PWM_Motor
 .text.Timer1_Init
                0x00002754       0x28 ./Timer1.o
                0x00002754                Timer1_Init
 .text.Timer1_Start
                0x0000277c       0x14 ./Timer1.o
                0x0000277c                Timer1_Start
 .text.Timer1_Stop
                0x00002790       0x14 ./Timer1.o
                0x00002790                Timer1_Stop
 .text.Timer1_Generate
                0x000027a4        0xa ./Timer1.o
                0x000027a4                Timer1_Generate
 .text.UART_Tx  0x000027ae        0x8 ./UART.o
                0x000027ae                UART_Tx
 .text.UART_Tx_String
                0x000027b6       0x1a ./UART.o
                0x000027b6                UART_Tx_String
 .text.UART_Rx  0x000027d0        0x8 ./UART.o
                0x000027d0                UART_Rx
 .text.UART_Init
                0x000027d8       0x22 ./UART.o
                0x000027d8                UART_Init
 .text.RTC_DATE_Read
                0x000027fa       0x50 ./ds3231.o
                0x000027fa                RTC_DATE_Read
 .text.RTC_CLOCK_Read
                0x0000284a       0x58 ./ds3231.o
                0x0000284a                RTC_CLOCK_Read
 .text.RTC_DATE_Write
                0x000028a2       0x50 ./ds3231.o
                0x000028a2                RTC_DATE_Write
 .text.RTC_CLOCK_Write
                0x000028f2       0x52 ./ds3231.o
                0x000028f2                RTC_CLOCK_Write
 .text.xPortGetFreeHeapSize
                0x00002944        0xa ./heap_4.o
                0x00002944                xPortGetFreeHeapSize
 .text.xPortGetMinimumEverFreeHeapSize
                0x0000294e        0xa ./heap_4.o
                0x0000294e                xPortGetMinimumEverFreeHeapSize
 .text.vPortInitialiseBlocks
                0x00002958        0x2 ./heap_4.o
                0x00002958                vPortInitialiseBlocks
 .text.prvInsertBlockIntoFreeList
                0x0000295a       0x86 ./heap_4.o
 .text.vPortFree
                0x000029e0       0x62 ./heap_4.o
                0x000029e0                vPortFree
 .text.pvPortMalloc
                0x00002a42      0x16e ./heap_4.o
                0x00002a42                pvPortMalloc
 .text.vListInitialise
                0x00002bb0       0x20 ./list.o
                0x00002bb0                vListInitialise
 .text.vListInitialiseItem
                0x00002bd0        0x8 ./list.o
                0x00002bd0                vListInitialiseItem
 .text.vListInsertEnd
                0x00002bd8       0x3e ./list.o
                0x00002bd8                vListInsertEnd
 .text.vListInsert
                0x00002c16       0x64 ./list.o
                0x00002c16                vListInsert
 .text.uxListRemove
                0x00002c7a       0x54 ./list.o
                0x00002c7a                uxListRemove
 .text.main     0x00002cce       0x46 ./main.o
                0x00002cce                main
 .text.pxPortInitialiseStack
                0x00002d14       0x90 ./port.o
                0x00002d14                pxPortInitialiseStack
 .text.xPortStartScheduler
                0x00002da4       0x6a ./port.o
                0x00002da4                xPortStartScheduler
 .text.vPortEndScheduler
                0x00002e0e        0x2 ./port.o
                0x00002e0e                vPortEndScheduler
 .text.vPortYieldFromTick
                0x00002e10       0xba ./port.o
                0x00002e10                vPortYieldFromTick
 .text.__vector_7
                0x00002eca        0x6 ./port.o
                0x00002eca                __vector_7
 .text.vPortYield
                0x00002ed0       0xb2 ./port.o
                0x00002ed0                vPortYield
 .text.uxQueueMessagesWaiting
                0x00002f82       0x10 ./queue.o
                0x00002f82                uxQueueMessagesWaiting
 .text.uxQueueSpacesAvailable
                0x00002f92       0x14 ./queue.o
                0x00002f92                uxQueueSpacesAvailable
 .text.uxQueueMessagesWaitingFromISR
                0x00002fa6        0x6 ./queue.o
                0x00002fa6                uxQueueMessagesWaitingFromISR
 .text.xQueueIsQueueEmptyFromISR
                0x00002fac       0x10 ./queue.o
                0x00002fac                xQueueIsQueueEmptyFromISR
 .text.xQueueIsQueueFullFromISR
                0x00002fbc       0x12 ./queue.o
                0x00002fbc                xQueueIsQueueFullFromISR
 .text.vQueueDelete
                0x00002fce        0x6 ./queue.o
                0x00002fce                vQueueDelete
 .text.prvCopyDataFromQueue
                0x00002fd4       0x3c ./queue.o
 .text.xQueuePeekFromISR
                0x00003010       0x2a ./queue.o
                0x00003010                xQueuePeekFromISR
 .text.prvCopyDataToQueue
                0x0000303a       0x98 ./queue.o
 .text.xQueueReceiveFromISR
                0x000030d2       0x56 ./queue.o
                0x000030d2                xQueueReceiveFromISR
 .text.xQueueGiveFromISR
                0x00003128       0x4a ./queue.o
                0x00003128                xQueueGiveFromISR
 .text.xQueueGenericSendFromISR
                0x00003172       0x5c ./queue.o
                0x00003172                xQueueGenericSendFromISR
 .text.prvUnlockQueue
                0x000031ce       0x80 ./queue.o
 .text.xQueueGenericReceive
                0x0000324e      0x166 ./queue.o
                0x0000324e                xQueueGenericReceive
 .text.xQueueGenericSend
                0x000033b4      0x156 ./queue.o
                0x000033b4                xQueueGenericSend
 .text.xQueueGenericReset
                0x0000350a       0x84 ./queue.o
                0x0000350a                xQueueGenericReset
 .text.xQueueGenericCreate
                0x0000358e       0x5a ./queue.o
                0x0000358e                xQueueGenericCreate
 .text.sendBuffer
                0x000035e8       0x70 ./ssd1306.o
                0x000035e8                sendBuffer
 .text.sendCommand
                0x00003658       0x26 ./ssd1306.o
                0x00003658                sendCommand
 .text.setPageAddress
                0x0000367e       0x24 ./ssd1306.o
                0x0000367e                setPageAddress
 .text.setColumnAddress
                0x000036a2       0x20 ./ssd1306.o
                0x000036a2                setColumnAddress
 .text.setAddressingMode
                0x000036c2       0x14 ./ssd1306.o
                0x000036c2                setAddressingMode
 .text.setPageStart
                0x000036d6        0xa ./ssd1306.o
                0x000036d6                setPageStart
 .text.clear    0x000036e0       0x74 ./ssd1306.o
                0x000036e0                clear
 .text.resume   0x00003754        0x8 ./ssd1306.o
                0x00003754                resume
 .text.scroll   0x0000375c        0x8 ./ssd1306.o
                0x0000375c                scroll
 .text.Invert   0x00003764        0x8 ./ssd1306.o
                0x00003764                Invert
 .text.enableChargePump
                0x0000376c       0x1a ./ssd1306.o
                0x0000376c                enableChargePump
 .text.setMuliplexRatio
                0x00003786       0x16 ./ssd1306.o
                0x00003786                setMuliplexRatio
 .text.setClockConfig
                0x0000379c       0x22 ./ssd1306.o
                0x0000379c                setClockConfig
 .text.setContrast
                0x000037be       0x14 ./ssd1306.o
                0x000037be                setContrast
 .text.setComConfig
                0x000037d2       0x28 ./ssd1306.o
                0x000037d2                setComConfig
 .text.setComScanReverse
                0x000037fa        0xe ./ssd1306.o
                0x000037fa                setComScanReverse
 .text.setSegmentRemap
                0x00003808        0x8 ./ssd1306.o
                0x00003808                setSegmentRemap
 .text.setDisplayStartLine
                0x00003810        0xa ./ssd1306.o
                0x00003810                setDisplayStartLine
 .text.setDisplayOffset
                0x0000381a       0x16 ./ssd1306.o
                0x0000381a                setDisplayOffset
 .text.enable   0x00003830        0x8 ./ssd1306.o
                0x00003830                enable
 .text.Initialize
                0x00003838       0x5e ./ssd1306.o
                0x00003838                Initialize
 .text.sendBufferPage
                0x00003896       0x5c ./ssd1306.o
                0x00003896                sendBufferPage
 .text.vTaskSuspendAll
                0x000038f2        0xc ./tasks.o
                0x000038f2                vTaskSuspendAll
 .text.xTaskGetTickCount
                0x000038fe       0x16 ./tasks.o
                0x000038fe                xTaskGetTickCount
 .text.xTaskGetTickCountFromISR
                0x00003914        0xc ./tasks.o
                0x00003914                xTaskGetTickCountFromISR
 .text.uxTaskGetNumberOfTasks
                0x00003920        0x6 ./tasks.o
                0x00003920                uxTaskGetNumberOfTasks
 .text.vTaskSwitchContext
                0x00003926       0x92 ./tasks.o
                0x00003926                vTaskSwitchContext
 .text.vTaskSetTimeOutState
                0x000039b8       0x16 ./tasks.o
                0x000039b8                vTaskSetTimeOutState
 .text.xTaskCheckForTimeOut
                0x000039ce       0x66 ./tasks.o
                0x000039ce                xTaskCheckForTimeOut
 .text.vTaskMissedYield
                0x00003a34        0x8 ./tasks.o
                0x00003a34                vTaskMissedYield
 .text.uxTaskResetEventItemValue
                0x00003a3c       0x30 ./tasks.o
                0x00003a3c                uxTaskResetEventItemValue
 .text.xTaskNotifyStateClear
                0x00003a6c       0x28 ./tasks.o
                0x00003a6c                xTaskNotifyStateClear
 .text.vTaskNotifyGiveFromISR
                0x00003a94       0x9a ./tasks.o
                0x00003a94                vTaskNotifyGiveFromISR
 .text.xTaskGenericNotifyFromISR
                0x00003b2e       0xf0 ./tasks.o
                0x00003b2e                xTaskGenericNotifyFromISR
 .text.xTaskRemoveFromUnorderedEventList
                0x00003c1e       0x68 ./tasks.o
                0x00003c1e                xTaskRemoveFromUnorderedEventList
 .text.xTaskRemoveFromEventList
                0x00003c86       0x80 ./tasks.o
                0x00003c86                xTaskRemoveFromEventList
 .text.xTaskIncrementTick
                0x00003d06      0x194 ./tasks.o
                0x00003d06                xTaskIncrementTick
 .text.xTaskGenericNotify
                0x00003e9a       0xd4 ./tasks.o
                0x00003e9a                xTaskGenericNotify
 .text.xTaskResumeAll
                0x00003f6e       0xe4 ./tasks.o
                0x00003f6e                xTaskResumeAll
 .text.vTaskPrioritySet
                0x00004052      0x104 ./tasks.o
                0x00004052                vTaskPrioritySet
 .text.vTaskDelete
                0x00004156       0xc0 ./tasks.o
                0x00004156                vTaskDelete
 .text.prvAddCurrentTaskToDelayedList
                0x00004216       0x6e ./tasks.o
 .text.xTaskNotifyWait
                0x00004284      0x124 ./tasks.o
                0x00004284                xTaskNotifyWait
 .text.ulTaskNotifyTake
                0x000043a8       0xce ./tasks.o
                0x000043a8                ulTaskNotifyTake
 .text.vTaskPlaceOnUnorderedEventList
                0x00004476       0x48 ./tasks.o
                0x00004476                vTaskPlaceOnUnorderedEventList
 .text.vTaskDelay
                0x000044be       0x4e ./tasks.o
                0x000044be                vTaskDelay
 .text.vTaskDelayUntil
                0x0000450c       0x70 ./tasks.o
                0x0000450c                vTaskDelayUntil
 .text.vTaskPlaceOnEventList
                0x0000457c       0x3a ./tasks.o
                0x0000457c                vTaskPlaceOnEventList
 .text.vTaskEndScheduler
                0x000045b6        0xc ./tasks.o
                0x000045b6                vTaskEndScheduler
 .text.prvIdleTask
                0x000045c2       0x74 ./tasks.o
 .text.xTaskGenericCreate
                0x00004636      0x1fc ./tasks.o
                0x00004636                xTaskGenericCreate
 .text.vTaskStartScheduler
                0x00004832       0x64 ./tasks.o
                0x00004832                vTaskStartScheduler
 .text.libgcc   0x00004896       0x3e d:/imt_embedded/imt_sdk_win_64.rar-20230816t063513z-001/imt_sdk_win_64/imt_sdk_win_64/winavr/bin/../lib/gcc/avr/4.3.3/avr5\libgcc.a(_mulsi3.o)
                0x00004896                __mulsi3
 .text.libgcc   0x000048d4       0x18 d:/imt_embedded/imt_sdk_win_64.rar-20230816t063513z-001/imt_sdk_win_64/imt_sdk_win_64/winavr/bin/../lib/gcc/avr/4.3.3/avr5\libgcc.a(_udivmodqi4.o)
                0x000048d4                __udivmodqi4
 .text.libgcc   0x000048ec       0x28 d:/imt_embedded/imt_sdk_win_64.rar-20230816t063513z-001/imt_sdk_win_64/imt_sdk_win_64/winavr/bin/../lib/gcc/avr/4.3.3/avr5\libgcc.a(_udivmodhi4.o)
                0x000048ec                __udivmodhi4
 .text.libgcc   0x00004914       0x44 d:/imt_embedded/imt_sdk_win_64.rar-20230816t063513z-001/imt_sdk_win_64/imt_sdk_win_64/winavr/bin/../lib/gcc/avr/4.3.3/avr5\libgcc.a(_udivmodsi4.o)
                0x00004914                __udivmodsi4
 .text.libgcc   0x00004958       0x36 d:/imt_embedded/imt_sdk_win_64.rar-20230816t063513z-001/imt_sdk_win_64/imt_sdk_win_64/winavr/bin/../lib/gcc/avr/4.3.3/avr5\libgcc.a(_divmodsi4.o)
                0x00004958                __divmodsi4
 .text.libgcc   0x0000498e        0x0 d:/imt_embedded/imt_sdk_win_64.rar-20230816t063513z-001/imt_sdk_win_64/imt_sdk_win_64/winavr/bin/../lib/gcc/avr/4.3.3/avr5\libgcc.a(_exit.o)
 .text.libgcc   0x0000498e        0x0 d:/imt_embedded/imt_sdk_win_64.rar-20230816t063513z-001/imt_sdk_win_64/imt_sdk_win_64/winavr/bin/../lib/gcc/avr/4.3.3/avr5\libgcc.a(_copy_data.o)
 .text.libgcc   0x0000498e        0x0 d:/imt_embedded/imt_sdk_win_64.rar-20230816t063513z-001/imt_sdk_win_64/imt_sdk_win_64/winavr/bin/../lib/gcc/avr/4.3.3/avr5\libgcc.a(_clear_bss.o)
 .text.avr-libc
                0x0000498e       0x12 d:/imt_embedded/imt_sdk_win_64.rar-20230816t063513z-001/imt_sdk_win_64/imt_sdk_win_64/winavr/bin/../lib/gcc/avr/4.3.3/../../../../avr/lib/avr5\libc.a(memcpy.o)
                0x0000498e                memcpy
 .text.avr-libc
                0x000049a0       0x10 d:/imt_embedded/imt_sdk_win_64.rar-20230816t063513z-001/imt_sdk_win_64/imt_sdk_win_64/winavr/bin/../lib/gcc/avr/4.3.3/../../../../avr/lib/avr5\libc.a(eerd_byte_atmega32.o)
                0x000049a0                __eerd_byte_m32
                0x000049b0                . = ALIGN (0x2)
 *(.fini9)
 .fini9         0x000049b0        0x0 d:/imt_embedded/imt_sdk_win_64.rar-20230816t063513z-001/imt_sdk_win_64/imt_sdk_win_64/winavr/bin/../lib/gcc/avr/4.3.3/avr5\libgcc.a(_exit.o)
                0x000049b0                exit
                0x000049b0                _exit
 *(.fini9)
 *(.fini8)
 *(.fini8)
 *(.fini7)
 *(.fini7)
 *(.fini6)
 *(.fini6)
 *(.fini5)
 *(.fini5)
 *(.fini4)
 *(.fini4)
 *(.fini3)
 *(.fini3)
 *(.fini2)
 *(.fini2)
 *(.fini1)
 *(.fini1)
 *(.fini0)
 .fini0         0x000049b0        0x4 d:/imt_embedded/imt_sdk_win_64.rar-20230816t063513z-001/imt_sdk_win_64/imt_sdk_win_64/winavr/bin/../lib/gcc/avr/4.3.3/avr5\libgcc.a(_exit.o)
 *(.fini0)
                0x000049b4                _etext = .

.data           0x00800060       0x78 load address 0x000049b4
                0x00800060                PROVIDE (__data_start, .)
 *(.data)
 .data          0x00800060        0x0 d:/imt_embedded/imt_sdk_win_64.rar-20230816t063513z-001/imt_sdk_win_64/imt_sdk_win_64/winavr/bin/../lib/gcc/avr/4.3.3/../../../../avr/lib/avr5/crtm32.o
 .data          0x00800060        0x0 ./ADC.o
 .data          0x00800060        0x0 ./Application_Header.o
 .data          0x00800060        0x0 ./DIO.o
 .data          0x00800060        0x6 ./HomemadeRTOS.o
 .data          0x00800066        0x0 ./I2C.o
 .data          0x00800066        0x0 ./Internal_EEPROM.o
 .data          0x00800066        0x0 ./Interrupt.o
 .data          0x00800066        0x0 ./Keypad.o
 .data          0x00800066        0x0 ./LCD.o
 .data          0x00800066        0x0 ./SPI.o
 .data          0x00800066        0x0 ./Timer0.o
 .data          0x00800066        0x0 ./Timer1.o
 .data          0x00800066        0x0 ./UART.o
 .data          0x00800066        0x0 ./croutine.o
 .data          0x00800066        0x0 ./ds3231.o
 .data          0x00800066        0x0 ./heap_4.o
 .data          0x00800066        0x0 ./list.o
 .data          0x00800066        0x0 ./main.o
 .data          0x00800066        0x0 ./port.o
 .data          0x00800066        0x0 ./queue.o
 .data          0x00800066        0x0 ./ssd1306.o
 .data          0x00800066        0x5 ./tasks.o
 .data          0x0080006b        0x0 ./timers.o
 .data          0x0080006b        0x0 d:/imt_embedded/imt_sdk_win_64.rar-20230816t063513z-001/imt_sdk_win_64/imt_sdk_win_64/winavr/bin/../lib/gcc/avr/4.3.3/avr5\libgcc.a(_mulsi3.o)
 .data          0x0080006b        0x0 d:/imt_embedded/imt_sdk_win_64.rar-20230816t063513z-001/imt_sdk_win_64/imt_sdk_win_64/winavr/bin/../lib/gcc/avr/4.3.3/avr5\libgcc.a(_udivmodqi4.o)
 .data          0x0080006b        0x0 d:/imt_embedded/imt_sdk_win_64.rar-20230816t063513z-001/imt_sdk_win_64/imt_sdk_win_64/winavr/bin/../lib/gcc/avr/4.3.3/avr5\libgcc.a(_udivmodhi4.o)
 .data          0x0080006b        0x0 d:/imt_embedded/imt_sdk_win_64.rar-20230816t063513z-001/imt_sdk_win_64/imt_sdk_win_64/winavr/bin/../lib/gcc/avr/4.3.3/avr5\libgcc.a(_udivmodsi4.o)
 .data          0x0080006b        0x0 d:/imt_embedded/imt_sdk_win_64.rar-20230816t063513z-001/imt_sdk_win_64/imt_sdk_win_64/winavr/bin/../lib/gcc/avr/4.3.3/avr5\libgcc.a(_divmodsi4.o)
 .data          0x0080006b        0x0 d:/imt_embedded/imt_sdk_win_64.rar-20230816t063513z-001/imt_sdk_win_64/imt_sdk_win_64/winavr/bin/../lib/gcc/avr/4.3.3/avr5\libgcc.a(_exit.o)
 .data          0x0080006b        0x0 d:/imt_embedded/imt_sdk_win_64.rar-20230816t063513z-001/imt_sdk_win_64/imt_sdk_win_64/winavr/bin/../lib/gcc/avr/4.3.3/avr5\libgcc.a(_copy_data.o)
 .data          0x0080006b        0x0 d:/imt_embedded/imt_sdk_win_64.rar-20230816t063513z-001/imt_sdk_win_64/imt_sdk_win_64/winavr/bin/../lib/gcc/avr/4.3.3/avr5\libgcc.a(_clear_bss.o)
 .data          0x0080006b        0x0 d:/imt_embedded/imt_sdk_win_64.rar-20230816t063513z-001/imt_sdk_win_64/imt_sdk_win_64/winavr/bin/../lib/gcc/avr/4.3.3/../../../../avr/lib/avr5\libc.a(memcpy.o)
 .data          0x0080006b        0x0 d:/imt_embedded/imt_sdk_win_64.rar-20230816t063513z-001/imt_sdk_win_64/imt_sdk_win_64/winavr/bin/../lib/gcc/avr/4.3.3/../../../../avr/lib/avr5\libc.a(eerd_byte_atmega32.o)
 *(.data*)
 .data.days     0x0080006b       0x15 ./Application_Header.o
                0x0080006b                days
 .data.double_dot_bitmap
                0x00800080        0xe ./Application_Header.o
                0x00800080                double_dot_bitmap
 .data.dash_bitmap
                0x0080008e        0xe ./Application_Header.o
                0x0080008e                dash_bitmap
 .data.choice_page_index
                0x0080009c        0x4 ./Application_Header.o
                0x0080009c                choice_page_index
 .data.dir.1336
                0x008000a0        0x1 ./HomemadeRTOS.o
 .data.flip.1329
                0x008000a1        0x1 ./HomemadeRTOS.o
 .data.KEYPAD_ARR
                0x008000a2       0x10 ./Keypad.o
                0x008000a2                KEYPAD_ARR
 *(.rodata)
 *(.rodata*)
 .rodata.C.10.1944
                0x008000b2        0xe ./Application_Header.o
 .rodata.C.9.1935
                0x008000c0        0xa ./Application_Header.o
 .rodata.C.2.1636
                0x008000ca        0xd ./Application_Header.o
 *(.gnu.linkonce.d*)
                0x008000d8                . = ALIGN (0x2)
 *fill*         0x008000d7        0x1 00
                0x008000d8                _edata = .
                0x008000d8                PROVIDE (__data_end, .)

.bss            0x008000d8      0x46e
                0x008000d8                PROVIDE (__bss_start, .)
 *(.bss)
 .bss           0x008000d8        0x0 d:/imt_embedded/imt_sdk_win_64.rar-20230816t063513z-001/imt_sdk_win_64/imt_sdk_win_64/winavr/bin/../lib/gcc/avr/4.3.3/../../../../avr/lib/avr5/crtm32.o
 .bss           0x008000d8        0x0 ./ADC.o
 .bss           0x008000d8        0x0 ./Application_Header.o
 .bss           0x008000d8        0x0 ./DIO.o
 .bss           0x008000d8        0x0 ./HomemadeRTOS.o
 .bss           0x008000d8        0x0 ./I2C.o
 .bss           0x008000d8        0x0 ./Internal_EEPROM.o
 .bss           0x008000d8        0x0 ./Interrupt.o
 .bss           0x008000d8        0x0 ./Keypad.o
 .bss           0x008000d8        0x0 ./LCD.o
 .bss           0x008000d8        0x0 ./SPI.o
 .bss           0x008000d8        0x0 ./Timer0.o
 .bss           0x008000d8        0x0 ./Timer1.o
 .bss           0x008000d8        0x0 ./UART.o
 .bss           0x008000d8        0x0 ./croutine.o
 .bss           0x008000d8        0x0 ./ds3231.o
 .bss           0x008000d8        0x0 ./heap_4.o
 .bss           0x008000d8        0x0 ./list.o
 .bss           0x008000d8        0x0 ./main.o
 .bss           0x008000d8        0x0 ./port.o
 .bss           0x008000d8        0x0 ./queue.o
 .bss           0x008000d8        0x0 ./ssd1306.o
 .bss           0x008000d8        0x0 ./tasks.o
 .bss           0x008000d8        0x0 ./timers.o
 .bss           0x008000d8        0x0 d:/imt_embedded/imt_sdk_win_64.rar-20230816t063513z-001/imt_sdk_win_64/imt_sdk_win_64/winavr/bin/../lib/gcc/avr/4.3.3/avr5\libgcc.a(_mulsi3.o)
 .bss           0x008000d8        0x0 d:/imt_embedded/imt_sdk_win_64.rar-20230816t063513z-001/imt_sdk_win_64/imt_sdk_win_64/winavr/bin/../lib/gcc/avr/4.3.3/avr5\libgcc.a(_udivmodqi4.o)
 .bss           0x008000d8        0x0 d:/imt_embedded/imt_sdk_win_64.rar-20230816t063513z-001/imt_sdk_win_64/imt_sdk_win_64/winavr/bin/../lib/gcc/avr/4.3.3/avr5\libgcc.a(_udivmodhi4.o)
 .bss           0x008000d8        0x0 d:/imt_embedded/imt_sdk_win_64.rar-20230816t063513z-001/imt_sdk_win_64/imt_sdk_win_64/winavr/bin/../lib/gcc/avr/4.3.3/avr5\libgcc.a(_udivmodsi4.o)
 .bss           0x008000d8        0x0 d:/imt_embedded/imt_sdk_win_64.rar-20230816t063513z-001/imt_sdk_win_64/imt_sdk_win_64/winavr/bin/../lib/gcc/avr/4.3.3/avr5\libgcc.a(_divmodsi4.o)
 .bss           0x008000d8        0x0 d:/imt_embedded/imt_sdk_win_64.rar-20230816t063513z-001/imt_sdk_win_64/imt_sdk_win_64/winavr/bin/../lib/gcc/avr/4.3.3/avr5\libgcc.a(_exit.o)
 .bss           0x008000d8        0x0 d:/imt_embedded/imt_sdk_win_64.rar-20230816t063513z-001/imt_sdk_win_64/imt_sdk_win_64/winavr/bin/../lib/gcc/avr/4.3.3/avr5\libgcc.a(_copy_data.o)
 .bss           0x008000d8        0x0 d:/imt_embedded/imt_sdk_win_64.rar-20230816t063513z-001/imt_sdk_win_64/imt_sdk_win_64/winavr/bin/../lib/gcc/avr/4.3.3/avr5\libgcc.a(_clear_bss.o)
 .bss           0x008000d8        0x0 d:/imt_embedded/imt_sdk_win_64.rar-20230816t063513z-001/imt_sdk_win_64/imt_sdk_win_64/winavr/bin/../lib/gcc/avr/4.3.3/../../../../avr/lib/avr5\libc.a(memcpy.o)
 .bss           0x008000d8        0x0 d:/imt_embedded/imt_sdk_win_64.rar-20230816t063513z-001/imt_sdk_win_64/imt_sdk_win_64/winavr/bin/../lib/gcc/avr/4.3.3/../../../../avr/lib/avr5\libc.a(eerd_byte_atmega32.o)
 *(.bss*)
 .bss.username  0x008000d8        0x5 ./Application_Header.o
                0x008000d8                username
 .bss.status.2118
                0x008000dd        0x1 ./Application_Header.o
 .bss.arr       0x008000de        0xf ./HomemadeRTOS.o
                0x008000de                arr
 .bss.index.1335
                0x008000ed        0x1 ./HomemadeRTOS.o
 .bss.VAL.1286  0x008000ee        0x1 ./Keypad.o
 .bss.NUM_OVF   0x008000ef        0x4 ./Timer0.o
                0x008000ef                NUM_OVF
 .bss.INIT_VAL  0x008000f3        0x4 ./Timer0.o
                0x008000f3                INIT_VAL
 .bss.xMinimumEverFreeBytesRemaining
                0x008000f7        0x2 ./heap_4.o
 .bss.xFreeBytesRemaining
                0x008000f9        0x2 ./heap_4.o
 .bss.xBlockAllocatedBit
                0x008000fb        0x2 ./heap_4.o
 .bss.pxEnd     0x008000fd        0x2 ./heap_4.o
 .bss.ucHeap    0x008000ff      0x3e8 ./heap_4.o
 .bss.xStart    0x008004e7        0x4 ./heap_4.o
 .bss.pxCurrentTCB
                0x008004eb        0x2 ./tasks.o
                0x008004eb                pxCurrentTCB
 .bss.uxSchedulerSuspended
                0x008004ed        0x1 ./tasks.o
 .bss.uxTopReadyPriority
                0x008004ee        0x1 ./tasks.o
 .bss.xTickCount
                0x008004ef        0x2 ./tasks.o
 .bss.xNextTaskUnblockTime
                0x008004f1        0x2 ./tasks.o
 .bss.xYieldPending
                0x008004f3        0x1 ./tasks.o
 .bss.xNumOfOverflows
                0x008004f4        0x1 ./tasks.o
 .bss.uxPendedTicks
                0x008004f5        0x1 ./tasks.o
 .bss.uxCurrentNumberOfTasks
                0x008004f6        0x1 ./tasks.o
 .bss.xSchedulerRunning
                0x008004f7        0x1 ./tasks.o
 .bss.uxTasksDeleted
                0x008004f8        0x1 ./tasks.o
 .bss.uxTaskNumber
                0x008004f9        0x1 ./tasks.o
 .bss.pxReadyTasksLists
                0x008004fa       0x24 ./tasks.o
 .bss.xDelayedTaskList1
                0x0080051e        0x9 ./tasks.o
 .bss.xDelayedTaskList2
                0x00800527        0x9 ./tasks.o
 .bss.pxDelayedTaskList
                0x00800530        0x2 ./tasks.o
 .bss.pxOverflowDelayedTaskList
                0x00800532        0x2 ./tasks.o
 .bss.xPendingReadyList
                0x00800534        0x9 ./tasks.o
 .bss.xTasksWaitingTermination
                0x0080053d        0x9 ./tasks.o
 *(COMMON)
                0x00800546                PROVIDE (__bss_end, .)
                0x000049b4                __data_load_start = LOADADDR (.data)
                0x00004a2c                __data_load_end = (__data_load_start + SIZEOF (.data))

.noinit         0x00800546        0x0
                0x00800546                PROVIDE (__noinit_start, .)
 *(.noinit*)
                0x00800546                PROVIDE (__noinit_end, .)
                0x00800546                _end = .
                0x00800546                PROVIDE (__heap_start, .)

.eeprom         0x00810000        0x0
 *(.eeprom*)
                0x00810000                __eeprom_end = .

.fuse
 *(.fuse)
 *(.lfuse)
 *(.hfuse)
 *(.efuse)

.lock
 *(.lock*)

.signature
 *(.signature*)

.stab           0x00000000     0xaa04
 *(.stab)
 .stab          0x00000000      0x33c ./ADC.o
 .stab          0x0000033c     0x3000 ./Application_Header.o
                               0x3078 (size before relaxing)
 .stab          0x0000333c      0x648 ./DIO.o
                                0x6c0 (size before relaxing)
 .stab          0x00003984      0x4bc ./HomemadeRTOS.o
                                0x6c0 (size before relaxing)
 .stab          0x00003e40      0x3e4 ./I2C.o
                                0x468 (size before relaxing)
 .stab          0x00004224      0x24c ./Internal_EEPROM.o
                                0x474 (size before relaxing)
 .stab          0x00004470      0x228 ./Interrupt.o
                                0x2ac (size before relaxing)
 .stab          0x00004698      0x354 ./Keypad.o
                                0x570 (size before relaxing)
 .stab          0x000049ec      0x660 ./LCD.o
                                0x888 (size before relaxing)
 .stab          0x0000504c      0x2a0 ./SPI.o
                                0x324 (size before relaxing)
 .stab          0x000052ec      0x360 ./Timer0.o
                                0x3e4 (size before relaxing)
 .stab          0x0000564c      0x264 ./Timer1.o
                                0x2e8 (size before relaxing)
 .stab          0x000058b0      0x288 ./UART.o
                                0x30c (size before relaxing)
 .stab          0x00005b38      0x36c ./croutine.o
                                0x558 (size before relaxing)
 .stab          0x00005ea4      0x3c0 ./ds3231.o
                                0x48c (size before relaxing)
 .stab          0x00006264      0x6a8 ./heap_4.o
                                0x9f0 (size before relaxing)
 .stab          0x0000690c      0x468 ./list.o
                                0x774 (size before relaxing)
 .stab          0x00006d74      0x210 ./main.o
                                0x4d4 (size before relaxing)
 .stab          0x00006f84      0x558 ./port.o
                                0x924 (size before relaxing)
 .stab          0x000074dc      0xf30 ./queue.o
                               0x1308 (size before relaxing)
 .stab          0x0000840c      0x918 ./ssd1306.o
                                0x99c (size before relaxing)
 .stab          0x00008d24     0x1b3c ./tasks.o
                               0x1f14 (size before relaxing)
 .stab          0x0000a860      0x1a4 ./timers.o
                                0x5dc (size before relaxing)

.stabstr        0x00000000     0x42b8
 *(.stabstr)
 .stabstr       0x00000000     0x42b8 ./ADC.o

.stab.excl
 *(.stab.excl)

.stab.exclstr
 *(.stab.exclstr)

.stab.index
 *(.stab.index)

.stab.indexstr
 *(.stab.indexstr)

.comment
 *(.comment)

.debug
 *(.debug)

.line
 *(.line)

.debug_srcinfo
 *(.debug_srcinfo)

.debug_sfnames
 *(.debug_sfnames)

.debug_aranges
 *(.debug_aranges)

.debug_pubnames
 *(.debug_pubnames)

.debug_info
 *(.debug_info)
 *(.gnu.linkonce.wi.*)

.debug_abbrev
 *(.debug_abbrev)

.debug_line
 *(.debug_line)

.debug_frame
 *(.debug_frame)

.debug_str
 *(.debug_str)

.debug_loc
 *(.debug_loc)

.debug_macinfo
 *(.debug_macinfo)
OUTPUT(Interfacing.elf elf32-avr)
LOAD linker stubs
