Archive member included because of file (symbol)

d:/imt_embedded/imt_sdk_win_64.rar-20230816t063513z-001/imt_sdk_win_64/imt_sdk_win_64/winavr/bin/../lib/gcc/avr/4.3.3/avr5\libgcc.a(_mulsi3.o)
                              ./LCD.o (__mulsi3)
d:/imt_embedded/imt_sdk_win_64.rar-20230816t063513z-001/imt_sdk_win_64/imt_sdk_win_64/winavr/bin/../lib/gcc/avr/4.3.3/avr5\libgcc.a(_udivmodqi4.o)
                              ./Application_Header.o (__udivmodqi4)
d:/imt_embedded/imt_sdk_win_64.rar-20230816t063513z-001/imt_sdk_win_64/imt_sdk_win_64/winavr/bin/../lib/gcc/avr/4.3.3/avr5\libgcc.a(_udivmodhi4.o)
                              ./Application_Header.o (__udivmodhi4)
d:/imt_embedded/imt_sdk_win_64.rar-20230816t063513z-001/imt_sdk_win_64/imt_sdk_win_64/winavr/bin/../lib/gcc/avr/4.3.3/avr5\libgcc.a(_divmodhi4.o)
                              ./Application_Header.o (__divmodhi4)
d:/imt_embedded/imt_sdk_win_64.rar-20230816t063513z-001/imt_sdk_win_64/imt_sdk_win_64/winavr/bin/../lib/gcc/avr/4.3.3/avr5\libgcc.a(_udivmodsi4.o)
                              ./LCD.o (__udivmodsi4)
d:/imt_embedded/imt_sdk_win_64.rar-20230816t063513z-001/imt_sdk_win_64/imt_sdk_win_64/winavr/bin/../lib/gcc/avr/4.3.3/avr5\libgcc.a(_divmodsi4.o)
                              ./LCD.o (__divmodsi4)
d:/imt_embedded/imt_sdk_win_64.rar-20230816t063513z-001/imt_sdk_win_64/imt_sdk_win_64/winavr/bin/../lib/gcc/avr/4.3.3/avr5\libgcc.a(_exit.o)
                              d:/imt_embedded/imt_sdk_win_64.rar-20230816t063513z-001/imt_sdk_win_64/imt_sdk_win_64/winavr/bin/../lib/gcc/avr/4.3.3/../../../../avr/lib/avr5/crtm32.o (exit)
d:/imt_embedded/imt_sdk_win_64.rar-20230816t063513z-001/imt_sdk_win_64/imt_sdk_win_64/winavr/bin/../lib/gcc/avr/4.3.3/avr5\libgcc.a(_copy_data.o)
                              ./Application_Header.o (__do_copy_data)
d:/imt_embedded/imt_sdk_win_64.rar-20230816t063513z-001/imt_sdk_win_64/imt_sdk_win_64/winavr/bin/../lib/gcc/avr/4.3.3/avr5\libgcc.a(_clear_bss.o)
                              ./Application_Header.o (__do_clear_bss)
d:/imt_embedded/imt_sdk_win_64.rar-20230816t063513z-001/imt_sdk_win_64/imt_sdk_win_64/winavr/bin/../lib/gcc/avr/4.3.3/../../../../avr/lib/avr5\libc.a(eerd_byte_atmega32.o)
                              ./Application_Header.o (__eerd_byte_m32)

Memory Configuration

Name             Origin             Length             Attributes
text             0x00000000         0x00020000         xr
data             0x00800060         0x0000ffa0         rw !x
eeprom           0x00810000         0x00010000         rw !x
fuse             0x00820000         0x00000400         rw !x
lock             0x00830000         0x00000400         rw !x
signature        0x00840000         0x00000400         rw !x
*default*        0x00000000         0xffffffff

Linker script and memory map

LOAD d:/imt_embedded/imt_sdk_win_64.rar-20230816t063513z-001/imt_sdk_win_64/imt_sdk_win_64/winavr/bin/../lib/gcc/avr/4.3.3/../../../../avr/lib/avr5/crtm32.o
LOAD ./ADC.o
LOAD ./Application_Header.o
LOAD ./DIO.o
LOAD ./HomemadeRTOS.o
LOAD ./I2C.o
LOAD ./Internal_EEPROM.o
LOAD ./Interrupt.o
LOAD ./Keypad.o
LOAD ./LCD.o
LOAD ./SPI.o
LOAD ./Timer0.o
LOAD ./Timer1.o
LOAD ./UART.o
LOAD ./ds3231.o
LOAD ./main.o
LOAD ./ssd1306.o
LOAD d:/imt_embedded/imt_sdk_win_64.rar-20230816t063513z-001/imt_sdk_win_64/imt_sdk_win_64/winavr/bin/../lib/gcc/avr/4.3.3/avr5\libgcc.a
LOAD d:/imt_embedded/imt_sdk_win_64.rar-20230816t063513z-001/imt_sdk_win_64/imt_sdk_win_64/winavr/bin/../lib/gcc/avr/4.3.3/../../../../avr/lib/avr5\libc.a
LOAD d:/imt_embedded/imt_sdk_win_64.rar-20230816t063513z-001/imt_sdk_win_64/imt_sdk_win_64/winavr/bin/../lib/gcc/avr/4.3.3/avr5\libgcc.a

.hash
 *(.hash)

.dynsym
 *(.dynsym)

.dynstr
 *(.dynstr)

.gnu.version
 *(.gnu.version)

.gnu.version_d
 *(.gnu.version_d)

.gnu.version_r
 *(.gnu.version_r)

.rel.init
 *(.rel.init)

.rela.init
 *(.rela.init)

.rel.text
 *(.rel.text)
 *(.rel.text.*)
 *(.rel.gnu.linkonce.t*)

.rela.text
 *(.rela.text)
 *(.rela.text.*)
 *(.rela.gnu.linkonce.t*)

.rel.fini
 *(.rel.fini)

.rela.fini
 *(.rela.fini)

.rel.rodata
 *(.rel.rodata)
 *(.rel.rodata.*)
 *(.rel.gnu.linkonce.r*)

.rela.rodata
 *(.rela.rodata)
 *(.rela.rodata.*)
 *(.rela.gnu.linkonce.r*)

.rel.data
 *(.rel.data)
 *(.rel.data.*)
 *(.rel.gnu.linkonce.d*)

.rela.data
 *(.rela.data)
 *(.rela.data.*)
 *(.rela.gnu.linkonce.d*)

.rel.ctors
 *(.rel.ctors)

.rela.ctors
 *(.rela.ctors)

.rel.dtors
 *(.rel.dtors)

.rela.dtors
 *(.rela.dtors)

.rel.got
 *(.rel.got)

.rela.got
 *(.rela.got)

.rel.bss
 *(.rel.bss)

.rela.bss
 *(.rela.bss)

.rel.plt
 *(.rel.plt)

.rela.plt
 *(.rela.plt)

.text           0x00000000     0x3002
 *(.vectors)
 .vectors       0x00000000       0x54 d:/imt_embedded/imt_sdk_win_64.rar-20230816t063513z-001/imt_sdk_win_64/imt_sdk_win_64/winavr/bin/../lib/gcc/avr/4.3.3/../../../../avr/lib/avr5/crtm32.o
                0x00000000                __vectors
                0x00000000                __vector_default
 *(.vectors)
 *(.progmem.gcc*)
 *(.progmem*)
                0x00000054                . = ALIGN (0x2)
                0x00000054                __trampolines_start = .
 *(.trampolines)
 .trampolines   0x00000054        0x0 linker stubs
 *(.trampolines*)
                0x00000054                __trampolines_end = .
 *(.jumptables)
 *(.jumptables*)
 *(.lowtext)
 *(.lowtext*)
                0x00000054                __ctors_start = .
 *(.ctors)
                0x00000054                __ctors_end = .
                0x00000054                __dtors_start = .
 *(.dtors)
                0x00000054                __dtors_end = .
 SORT(*)(.ctors)
 SORT(*)(.dtors)
 *(.init0)
 .init0         0x00000054        0x0 d:/imt_embedded/imt_sdk_win_64.rar-20230816t063513z-001/imt_sdk_win_64/imt_sdk_win_64/winavr/bin/../lib/gcc/avr/4.3.3/../../../../avr/lib/avr5/crtm32.o
                0x00000054                __init
 *(.init0)
 *(.init1)
 *(.init1)
 *(.init2)
 .init2         0x00000054        0xc d:/imt_embedded/imt_sdk_win_64.rar-20230816t063513z-001/imt_sdk_win_64/imt_sdk_win_64/winavr/bin/../lib/gcc/avr/4.3.3/../../../../avr/lib/avr5/crtm32.o
 *(.init2)
 *(.init3)
 *(.init3)
 *(.init4)
 .init4         0x00000060       0x16 d:/imt_embedded/imt_sdk_win_64.rar-20230816t063513z-001/imt_sdk_win_64/imt_sdk_win_64/winavr/bin/../lib/gcc/avr/4.3.3/avr5\libgcc.a(_copy_data.o)
                0x00000060                __do_copy_data
 .init4         0x00000076       0x10 d:/imt_embedded/imt_sdk_win_64.rar-20230816t063513z-001/imt_sdk_win_64/imt_sdk_win_64/winavr/bin/../lib/gcc/avr/4.3.3/avr5\libgcc.a(_clear_bss.o)
                0x00000076                __do_clear_bss
 *(.init4)
 *(.init5)
 *(.init5)
 *(.init6)
 *(.init6)
 *(.init7)
 *(.init7)
 *(.init8)
 *(.init8)
 *(.init9)
 .init9         0x00000086        0x8 d:/imt_embedded/imt_sdk_win_64.rar-20230816t063513z-001/imt_sdk_win_64/imt_sdk_win_64/winavr/bin/../lib/gcc/avr/4.3.3/../../../../avr/lib/avr5/crtm32.o
 *(.init9)
 *(.text)
 .text          0x0000008e        0x4 d:/imt_embedded/imt_sdk_win_64.rar-20230816t063513z-001/imt_sdk_win_64/imt_sdk_win_64/winavr/bin/../lib/gcc/avr/4.3.3/../../../../avr/lib/avr5/crtm32.o
                0x0000008e                __vector_1
                0x0000008e                __vector_12
                0x0000008e                __bad_interrupt
                0x0000008e                __vector_6
                0x0000008e                __vector_3
                0x0000008e                __vector_11
                0x0000008e                __vector_13
                0x0000008e                __vector_17
                0x0000008e                __vector_19
                0x0000008e                __vector_7
                0x0000008e                __vector_5
                0x0000008e                __vector_4
                0x0000008e                __vector_9
                0x0000008e                __vector_2
                0x0000008e                __vector_15
                0x0000008e                __vector_8
                0x0000008e                __vector_14
                0x0000008e                __vector_10
                0x0000008e                __vector_16
                0x0000008e                __vector_18
                0x0000008e                __vector_20
 .text          0x00000092        0x0 ./ADC.o
 .text          0x00000092        0x0 ./Application_Header.o
 .text          0x00000092        0x0 ./DIO.o
 .text          0x00000092        0x0 ./HomemadeRTOS.o
 .text          0x00000092        0x0 ./I2C.o
 .text          0x00000092        0x0 ./Internal_EEPROM.o
 .text          0x00000092        0x0 ./Interrupt.o
 .text          0x00000092        0x0 ./Keypad.o
 .text          0x00000092        0x0 ./LCD.o
 .text          0x00000092        0x0 ./SPI.o
 .text          0x00000092        0x0 ./Timer0.o
 .text          0x00000092        0x0 ./Timer1.o
 .text          0x00000092        0x0 ./UART.o
 .text          0x00000092        0x0 ./ds3231.o
 .text          0x00000092        0x0 ./main.o
 .text          0x00000092        0x0 ./ssd1306.o
 .text          0x00000092        0x0 d:/imt_embedded/imt_sdk_win_64.rar-20230816t063513z-001/imt_sdk_win_64/imt_sdk_win_64/winavr/bin/../lib/gcc/avr/4.3.3/avr5\libgcc.a(_mulsi3.o)
 .text          0x00000092        0x0 d:/imt_embedded/imt_sdk_win_64.rar-20230816t063513z-001/imt_sdk_win_64/imt_sdk_win_64/winavr/bin/../lib/gcc/avr/4.3.3/avr5\libgcc.a(_udivmodqi4.o)
 .text          0x00000092        0x0 d:/imt_embedded/imt_sdk_win_64.rar-20230816t063513z-001/imt_sdk_win_64/imt_sdk_win_64/winavr/bin/../lib/gcc/avr/4.3.3/avr5\libgcc.a(_udivmodhi4.o)
 .text          0x00000092        0x0 d:/imt_embedded/imt_sdk_win_64.rar-20230816t063513z-001/imt_sdk_win_64/imt_sdk_win_64/winavr/bin/../lib/gcc/avr/4.3.3/avr5\libgcc.a(_divmodhi4.o)
 .text          0x00000092        0x0 d:/imt_embedded/imt_sdk_win_64.rar-20230816t063513z-001/imt_sdk_win_64/imt_sdk_win_64/winavr/bin/../lib/gcc/avr/4.3.3/avr5\libgcc.a(_udivmodsi4.o)
 .text          0x00000092        0x0 d:/imt_embedded/imt_sdk_win_64.rar-20230816t063513z-001/imt_sdk_win_64/imt_sdk_win_64/winavr/bin/../lib/gcc/avr/4.3.3/avr5\libgcc.a(_divmodsi4.o)
 .text          0x00000092        0x0 d:/imt_embedded/imt_sdk_win_64.rar-20230816t063513z-001/imt_sdk_win_64/imt_sdk_win_64/winavr/bin/../lib/gcc/avr/4.3.3/avr5\libgcc.a(_exit.o)
 .text          0x00000092        0x0 d:/imt_embedded/imt_sdk_win_64.rar-20230816t063513z-001/imt_sdk_win_64/imt_sdk_win_64/winavr/bin/../lib/gcc/avr/4.3.3/avr5\libgcc.a(_copy_data.o)
 .text          0x00000092        0x0 d:/imt_embedded/imt_sdk_win_64.rar-20230816t063513z-001/imt_sdk_win_64/imt_sdk_win_64/winavr/bin/../lib/gcc/avr/4.3.3/avr5\libgcc.a(_clear_bss.o)
 .text          0x00000092        0x0 d:/imt_embedded/imt_sdk_win_64.rar-20230816t063513z-001/imt_sdk_win_64/imt_sdk_win_64/winavr/bin/../lib/gcc/avr/4.3.3/../../../../avr/lib/avr5\libc.a(eerd_byte_atmega32.o)
                0x00000092                . = ALIGN (0x2)
 *(.text.*)
 .text.ADC_Init
                0x00000092       0x60 ./ADC.o
                0x00000092                ADC_Init
 .text.ADC_Read
                0x000000f2        0xe ./ADC.o
                0x000000f2                ADC_Read
 .text.is_it_leap_year
                0x00000100       0x48 ./Application_Header.o
                0x00000100                is_it_leap_year
 .text.dec_to_bcd
                0x00000148       0x22 ./Application_Header.o
                0x00000148                dec_to_bcd
 .text.bcd_to_dec
                0x0000016a       0x14 ./Application_Header.o
                0x0000016a                bcd_to_dec
 .text.system_set
                0x0000017e       0x20 ./Application_Header.o
                0x0000017e                system_set
 .text.system_reset
                0x0000019e       0x20 ./Application_Header.o
                0x0000019e                system_reset
 .text.boot_check
                0x000001be       0x2a ./Application_Header.o
                0x000001be                boot_check
 .text.lamp_on_off
                0x000001e8       0x2a ./Application_Header.o
                0x000001e8                lamp_on_off
 .text.black_entire_screen
                0x00000212       0x4c ./Application_Header.o
                0x00000212                black_entire_screen
 .text.color_choice_white
                0x0000025e      0x158 ./Application_Header.o
                0x0000025e                color_choice_white
 .text.color_choice_black
                0x000003b6      0x154 ./Application_Header.o
                0x000003b6                color_choice_black
 .text.letter_write
                0x0000050a      0x1d8 ./Application_Header.o
                0x0000050a                letter_write
 .text.day_name_print
                0x000006e2       0x2e ./Application_Header.o
                0x000006e2                day_name_print
 .text.printing_menu_with_choice
                0x00000710      0x148 ./Application_Header.o
                0x00000710                printing_menu_with_choice
 .text.number_write
                0x00000858      0x124 ./Application_Header.o
                0x00000858                number_write
 .text.triple_digit_write
                0x0000097c       0x78 ./Application_Header.o
                0x0000097c                triple_digit_write
 .text.double_digit_write
                0x000009f4       0x3c ./Application_Header.o
                0x000009f4                double_digit_write
 .text.button_check
                0x00000a30       0x7c ./Application_Header.o
                0x00000a30                button_check
 .text.study_timer
                0x00000aac      0x376 ./Application_Header.o
                0x00000aac                study_timer
 .text.live_clock
                0x00000e22      0x3e0 ./Application_Header.o
                0x00000e22                live_clock
 .text.main_menu
                0x00001202      0x12e ./Application_Header.o
                0x00001202                main_menu
 .text.time_menu
                0x00001330      0x8b2 ./Application_Header.o
                0x00001330                time_menu
 .text.name_menu
                0x00001be2      0x18e ./Application_Header.o
                0x00001be2                name_menu
 .text.button_init
                0x00001d70       0x64 ./Application_Header.o
                0x00001d70                button_init
 .text.DIO_SetPortDirection
                0x00001dd4       0x52 ./DIO.o
                0x00001dd4                DIO_SetPortDirection
 .text.DIO_SetPinDirection
                0x00001e26       0xf2 ./DIO.o
                0x00001e26                DIO_SetPinDirection
 .text.DIO_SetPortValue
                0x00001f18       0x60 ./DIO.o
                0x00001f18                DIO_SetPortValue
 .text.DIO_SetPinValue
                0x00001f78       0xe8 ./DIO.o
                0x00001f78                DIO_SetPinValue
 .text.DIO_GetPortValue
                0x00002060       0x28 ./DIO.o
                0x00002060                DIO_GetPortValue
 .text.DIO_GetPinValue
                0x00002088       0x44 ./DIO.o
                0x00002088                DIO_GetPinValue
 .text.DIO_TogglePin
                0x000020cc       0x6a ./DIO.o
                0x000020cc                DIO_TogglePin
 .text.DIO_SetPullUpRes
                0x00002136       0x6a ./DIO.o
                0x00002136                DIO_SetPullUpRes
 .text.TASK_CREATE
                0x000021a0       0x18 ./HomemadeRTOS.o
                0x000021a0                TASK_CREATE
 .text.Scheduler
                0x000021b8       0x30 ./HomemadeRTOS.o
                0x000021b8                Scheduler
 .text.LCD      0x000021e8       0x70 ./HomemadeRTOS.o
                0x000021e8                LCD
 .text.MOTOR    0x00002258       0x60 ./HomemadeRTOS.o
                0x00002258                MOTOR
 .text.GRE_BLINK
                0x000022b8       0x14 ./HomemadeRTOS.o
                0x000022b8                GRE_BLINK
 .text.YEL_BLINK
                0x000022cc       0x14 ./HomemadeRTOS.o
                0x000022cc                YEL_BLINK
 .text.RED_BLINK
                0x000022e0       0x14 ./HomemadeRTOS.o
                0x000022e0                RED_BLINK
 .text.I2C_Init
                0x000022f4        0x6 ./I2C.o
                0x000022f4                I2C_Init
 .text.I2C_Start
                0x000022fa       0x3c ./I2C.o
                0x000022fa                I2C_Start
 .text.I2C_Repeated_Start
                0x00002336       0x3c ./I2C.o
                0x00002336                I2C_Repeated_Start
 .text.I2C_Write
                0x00002372       0x24 ./I2C.o
                0x00002372                I2C_Write
 .text.I2C_Read_ACK
                0x00002396        0xe ./I2C.o
                0x00002396                I2C_Read_ACK
 .text.I2C_Read_NACK
                0x000023a4        0xe ./I2C.o
                0x000023a4                I2C_Read_NACK
 .text.I2C_Stop
                0x000023b2        0xc ./I2C.o
                0x000023b2                I2C_Stop
 .text.eeprom_address
                0x000023be        0x6 ./Internal_EEPROM.o
                0x000023be                eeprom_address
 .text.eeprom_write
                0x000023c4       0x10 ./Internal_EEPROM.o
                0x000023c4                eeprom_write
 .text.eeprom_read
                0x000023d4        0xe ./Internal_EEPROM.o
                0x000023d4                eeprom_read
 .text.Interrupt_Init
                0x000023e2        0x8 ./Interrupt.o
                0x000023e2                Interrupt_Init
 .text.Interrupt0_Init
                0x000023ea       0x1a ./Interrupt.o
                0x000023ea                Interrupt0_Init
 .text.Interrupt1_Init
                0x00002404       0x1a ./Interrupt.o
                0x00002404                Interrupt1_Init
 .text.Interrupt2_Init
                0x0000241e       0x14 ./Interrupt.o
                0x0000241e                Interrupt2_Init
 .text.Keypad_Val
                0x00002432       0xbe ./Keypad.o
                0x00002432                Keypad_Val
 .text.Keypad_Init
                0x000024f0       0x9a ./Keypad.o
                0x000024f0                Keypad_Init
 .text.LCD_WriteChar
                0x0000258a       0x8c ./LCD.o
                0x0000258a                LCD_WriteChar
 .text.LCD_WriteInteger
                0x00002616      0x102 ./LCD.o
                0x00002616                LCD_WriteInteger
 .text.LCD_WriteString
                0x00002718       0x1a ./LCD.o
                0x00002718                LCD_WriteString
 .text.LCD_WriteCommand
                0x00002732       0x8c ./LCD.o
                0x00002732                LCD_WriteCommand
 .text.LCD_Clear
                0x000027be        0x8 ./LCD.o
                0x000027be                LCD_Clear
 .text.LCD_GoTo
                0x000027c6       0x1c ./LCD.o
                0x000027c6                LCD_GoTo
 .text.LCD_Init
                0x000027e2       0x6c ./LCD.o
                0x000027e2                LCD_Init
 .text.SPI_Data_Transmit
                0x0000284e        0xa ./SPI.o
                0x0000284e                SPI_Data_Transmit
 .text.SPI_Transmit_Term
                0x00002858        0xc ./SPI.o
                0x00002858                SPI_Transmit_Term
 .text.SPI_Transmit_Start
                0x00002864        0xc ./SPI.o
                0x00002864                SPI_Transmit_Start
 .text.SPI_Slave_Init
                0x00002870       0x2e ./SPI.o
                0x00002870                SPI_Slave_Init
 .text.SPI_Master_Init
                0x0000289e       0x2e ./SPI.o
                0x0000289e                SPI_Master_Init
 .text.Timer0_Init
                0x000028cc       0x1a ./Timer0.o
                0x000028cc                Timer0_Init
 .text.Timer0_Start
                0x000028e6       0x14 ./Timer0.o
                0x000028e6                Timer0_Start
 .text.Timer0_Stop
                0x000028fa       0x14 ./Timer0.o
                0x000028fa                Timer0_Stop
 .text.Timer0_delay_ms
                0x0000290e       0x56 ./Timer0.o
                0x0000290e                Timer0_delay_ms
 .text.minute_delay
                0x00002964       0x28 ./Timer0.o
                0x00002964                minute_delay
 .text.Fast_PWM_Motor
                0x0000298c        0x4 ./Timer0.o
                0x0000298c                Fast_PWM_Motor
 .text.Timer1_Init
                0x00002990       0x28 ./Timer1.o
                0x00002990                Timer1_Init
 .text.Timer1_Start
                0x000029b8       0x14 ./Timer1.o
                0x000029b8                Timer1_Start
 .text.Timer1_Stop
                0x000029cc       0x14 ./Timer1.o
                0x000029cc                Timer1_Stop
 .text.Timer1_Generate
                0x000029e0        0xa ./Timer1.o
                0x000029e0                Timer1_Generate
 .text.UART_Tx  0x000029ea        0x8 ./UART.o
                0x000029ea                UART_Tx
 .text.UART_Tx_String
                0x000029f2       0x1a ./UART.o
                0x000029f2                UART_Tx_String
 .text.UART_Rx  0x00002a0c        0x8 ./UART.o
                0x00002a0c                UART_Rx
 .text.UART_Init
                0x00002a14       0x22 ./UART.o
                0x00002a14                UART_Init
 .text.RTC_DATE_Read
                0x00002a36       0x50 ./ds3231.o
                0x00002a36                RTC_DATE_Read
 .text.RTC_CLOCK_Read
                0x00002a86       0x58 ./ds3231.o
                0x00002a86                RTC_CLOCK_Read
 .text.RTC_DATE_Write
                0x00002ade       0x50 ./ds3231.o
                0x00002ade                RTC_DATE_Write
 .text.RTC_CLOCK_Write
                0x00002b2e       0x52 ./ds3231.o
                0x00002b2e                RTC_CLOCK_Write
 .text.main     0x00002b80       0x46 ./main.o
                0x00002b80                main
 .text.sendBuffer
                0x00002bc6       0x70 ./ssd1306.o
                0x00002bc6                sendBuffer
 .text.sendCommand
                0x00002c36       0x26 ./ssd1306.o
                0x00002c36                sendCommand
 .text.setPageAddress
                0x00002c5c       0x24 ./ssd1306.o
                0x00002c5c                setPageAddress
 .text.setColumnAddress
                0x00002c80       0x20 ./ssd1306.o
                0x00002c80                setColumnAddress
 .text.setAddressingMode
                0x00002ca0       0x14 ./ssd1306.o
                0x00002ca0                setAddressingMode
 .text.setPageStart
                0x00002cb4        0xa ./ssd1306.o
                0x00002cb4                setPageStart
 .text.clear    0x00002cbe       0x74 ./ssd1306.o
                0x00002cbe                clear
 .text.resume   0x00002d32        0x8 ./ssd1306.o
                0x00002d32                resume
 .text.scroll   0x00002d3a        0x8 ./ssd1306.o
                0x00002d3a                scroll
 .text.Invert   0x00002d42        0x8 ./ssd1306.o
                0x00002d42                Invert
 .text.enableChargePump
                0x00002d4a       0x1a ./ssd1306.o
                0x00002d4a                enableChargePump
 .text.setMuliplexRatio
                0x00002d64       0x16 ./ssd1306.o
                0x00002d64                setMuliplexRatio
 .text.setClockConfig
                0x00002d7a       0x22 ./ssd1306.o
                0x00002d7a                setClockConfig
 .text.setContrast
                0x00002d9c       0x14 ./ssd1306.o
                0x00002d9c                setContrast
 .text.setComConfig
                0x00002db0       0x28 ./ssd1306.o
                0x00002db0                setComConfig
 .text.setComScanReverse
                0x00002dd8        0xe ./ssd1306.o
                0x00002dd8                setComScanReverse
 .text.setSegmentRemap
                0x00002de6        0x8 ./ssd1306.o
                0x00002de6                setSegmentRemap
 .text.setDisplayStartLine
                0x00002dee        0xa ./ssd1306.o
                0x00002dee                setDisplayStartLine
 .text.setDisplayOffset
                0x00002df8       0x16 ./ssd1306.o
                0x00002df8                setDisplayOffset
 .text.enable   0x00002e0e        0x8 ./ssd1306.o
                0x00002e0e                enable
 .text.Initialize
                0x00002e16       0x5e ./ssd1306.o
                0x00002e16                Initialize
 .text.sendBufferPage
                0x00002e74       0x5c ./ssd1306.o
                0x00002e74                sendBufferPage
 .text.libgcc   0x00002ed0       0x3e d:/imt_embedded/imt_sdk_win_64.rar-20230816t063513z-001/imt_sdk_win_64/imt_sdk_win_64/winavr/bin/../lib/gcc/avr/4.3.3/avr5\libgcc.a(_mulsi3.o)
                0x00002ed0                __mulsi3
 .text.libgcc   0x00002f0e       0x18 d:/imt_embedded/imt_sdk_win_64.rar-20230816t063513z-001/imt_sdk_win_64/imt_sdk_win_64/winavr/bin/../lib/gcc/avr/4.3.3/avr5\libgcc.a(_udivmodqi4.o)
                0x00002f0e                __udivmodqi4
 .text.libgcc   0x00002f26       0x28 d:/imt_embedded/imt_sdk_win_64.rar-20230816t063513z-001/imt_sdk_win_64/imt_sdk_win_64/winavr/bin/../lib/gcc/avr/4.3.3/avr5\libgcc.a(_udivmodhi4.o)
                0x00002f26                __udivmodhi4
 .text.libgcc   0x00002f4e       0x26 d:/imt_embedded/imt_sdk_win_64.rar-20230816t063513z-001/imt_sdk_win_64/imt_sdk_win_64/winavr/bin/../lib/gcc/avr/4.3.3/avr5\libgcc.a(_divmodhi4.o)
                0x00002f4e                __divmodhi4
                0x00002f4e                _div
 .text.libgcc   0x00002f74       0x44 d:/imt_embedded/imt_sdk_win_64.rar-20230816t063513z-001/imt_sdk_win_64/imt_sdk_win_64/winavr/bin/../lib/gcc/avr/4.3.3/avr5\libgcc.a(_udivmodsi4.o)
                0x00002f74                __udivmodsi4
 .text.libgcc   0x00002fb8       0x36 d:/imt_embedded/imt_sdk_win_64.rar-20230816t063513z-001/imt_sdk_win_64/imt_sdk_win_64/winavr/bin/../lib/gcc/avr/4.3.3/avr5\libgcc.a(_divmodsi4.o)
                0x00002fb8                __divmodsi4
 .text.libgcc   0x00002fee        0x0 d:/imt_embedded/imt_sdk_win_64.rar-20230816t063513z-001/imt_sdk_win_64/imt_sdk_win_64/winavr/bin/../lib/gcc/avr/4.3.3/avr5\libgcc.a(_exit.o)
 .text.libgcc   0x00002fee        0x0 d:/imt_embedded/imt_sdk_win_64.rar-20230816t063513z-001/imt_sdk_win_64/imt_sdk_win_64/winavr/bin/../lib/gcc/avr/4.3.3/avr5\libgcc.a(_copy_data.o)
 .text.libgcc   0x00002fee        0x0 d:/imt_embedded/imt_sdk_win_64.rar-20230816t063513z-001/imt_sdk_win_64/imt_sdk_win_64/winavr/bin/../lib/gcc/avr/4.3.3/avr5\libgcc.a(_clear_bss.o)
 .text.avr-libc
                0x00002fee       0x10 d:/imt_embedded/imt_sdk_win_64.rar-20230816t063513z-001/imt_sdk_win_64/imt_sdk_win_64/winavr/bin/../lib/gcc/avr/4.3.3/../../../../avr/lib/avr5\libc.a(eerd_byte_atmega32.o)
                0x00002fee                __eerd_byte_m32
                0x00002ffe                . = ALIGN (0x2)
 *(.fini9)
 .fini9         0x00002ffe        0x0 d:/imt_embedded/imt_sdk_win_64.rar-20230816t063513z-001/imt_sdk_win_64/imt_sdk_win_64/winavr/bin/../lib/gcc/avr/4.3.3/avr5\libgcc.a(_exit.o)
                0x00002ffe                exit
                0x00002ffe                _exit
 *(.fini9)
 *(.fini8)
 *(.fini8)
 *(.fini7)
 *(.fini7)
 *(.fini6)
 *(.fini6)
 *(.fini5)
 *(.fini5)
 *(.fini4)
 *(.fini4)
 *(.fini3)
 *(.fini3)
 *(.fini2)
 *(.fini2)
 *(.fini1)
 *(.fini1)
 *(.fini0)
 .fini0         0x00002ffe        0x4 d:/imt_embedded/imt_sdk_win_64.rar-20230816t063513z-001/imt_sdk_win_64/imt_sdk_win_64/winavr/bin/../lib/gcc/avr/4.3.3/avr5\libgcc.a(_exit.o)
 *(.fini0)
                0x00003002                _etext = .

.data           0x00800060       0x72 load address 0x00003002
                0x00800060                PROVIDE (__data_start, .)
 *(.data)
 .data          0x00800060        0x0 d:/imt_embedded/imt_sdk_win_64.rar-20230816t063513z-001/imt_sdk_win_64/imt_sdk_win_64/winavr/bin/../lib/gcc/avr/4.3.3/../../../../avr/lib/avr5/crtm32.o
 .data          0x00800060        0x0 ./ADC.o
 .data          0x00800060        0x0 ./Application_Header.o
 .data          0x00800060        0x0 ./DIO.o
 .data          0x00800060        0x6 ./HomemadeRTOS.o
 .data          0x00800066        0x0 ./I2C.o
 .data          0x00800066        0x0 ./Internal_EEPROM.o
 .data          0x00800066        0x0 ./Interrupt.o
 .data          0x00800066        0x0 ./Keypad.o
 .data          0x00800066        0x0 ./LCD.o
 .data          0x00800066        0x0 ./SPI.o
 .data          0x00800066        0x0 ./Timer0.o
 .data          0x00800066        0x0 ./Timer1.o
 .data          0x00800066        0x0 ./UART.o
 .data          0x00800066        0x0 ./ds3231.o
 .data          0x00800066        0x0 ./main.o
 .data          0x00800066        0x0 ./ssd1306.o
 .data          0x00800066        0x0 d:/imt_embedded/imt_sdk_win_64.rar-20230816t063513z-001/imt_sdk_win_64/imt_sdk_win_64/winavr/bin/../lib/gcc/avr/4.3.3/avr5\libgcc.a(_mulsi3.o)
 .data          0x00800066        0x0 d:/imt_embedded/imt_sdk_win_64.rar-20230816t063513z-001/imt_sdk_win_64/imt_sdk_win_64/winavr/bin/../lib/gcc/avr/4.3.3/avr5\libgcc.a(_udivmodqi4.o)
 .data          0x00800066        0x0 d:/imt_embedded/imt_sdk_win_64.rar-20230816t063513z-001/imt_sdk_win_64/imt_sdk_win_64/winavr/bin/../lib/gcc/avr/4.3.3/avr5\libgcc.a(_udivmodhi4.o)
 .data          0x00800066        0x0 d:/imt_embedded/imt_sdk_win_64.rar-20230816t063513z-001/imt_sdk_win_64/imt_sdk_win_64/winavr/bin/../lib/gcc/avr/4.3.3/avr5\libgcc.a(_divmodhi4.o)
 .data          0x00800066        0x0 d:/imt_embedded/imt_sdk_win_64.rar-20230816t063513z-001/imt_sdk_win_64/imt_sdk_win_64/winavr/bin/../lib/gcc/avr/4.3.3/avr5\libgcc.a(_udivmodsi4.o)
 .data          0x00800066        0x0 d:/imt_embedded/imt_sdk_win_64.rar-20230816t063513z-001/imt_sdk_win_64/imt_sdk_win_64/winavr/bin/../lib/gcc/avr/4.3.3/avr5\libgcc.a(_divmodsi4.o)
 .data          0x00800066        0x0 d:/imt_embedded/imt_sdk_win_64.rar-20230816t063513z-001/imt_sdk_win_64/imt_sdk_win_64/winavr/bin/../lib/gcc/avr/4.3.3/avr5\libgcc.a(_exit.o)
 .data          0x00800066        0x0 d:/imt_embedded/imt_sdk_win_64.rar-20230816t063513z-001/imt_sdk_win_64/imt_sdk_win_64/winavr/bin/../lib/gcc/avr/4.3.3/avr5\libgcc.a(_copy_data.o)
 .data          0x00800066        0x0 d:/imt_embedded/imt_sdk_win_64.rar-20230816t063513z-001/imt_sdk_win_64/imt_sdk_win_64/winavr/bin/../lib/gcc/avr/4.3.3/avr5\libgcc.a(_clear_bss.o)
 .data          0x00800066        0x0 d:/imt_embedded/imt_sdk_win_64.rar-20230816t063513z-001/imt_sdk_win_64/imt_sdk_win_64/winavr/bin/../lib/gcc/avr/4.3.3/../../../../avr/lib/avr5\libc.a(eerd_byte_atmega32.o)
 *(.data*)
 .data.days     0x00800066       0x15 ./Application_Header.o
                0x00800066                days
 .data.double_dot_bitmap
                0x0080007b        0xe ./Application_Header.o
                0x0080007b                double_dot_bitmap
 .data.dash_bitmap
                0x00800089        0xe ./Application_Header.o
                0x00800089                dash_bitmap
 .data.choice_page_index
                0x00800097        0x4 ./Application_Header.o
                0x00800097                choice_page_index
 .data.dir.1336
                0x0080009b        0x1 ./HomemadeRTOS.o
 .data.flip.1329
                0x0080009c        0x1 ./HomemadeRTOS.o
 .data.KEYPAD_ARR
                0x0080009d       0x10 ./Keypad.o
                0x0080009d                KEYPAD_ARR
 *(.rodata)
 *(.rodata*)
 .rodata.C.10.1951
                0x008000ad        0xe ./Application_Header.o
 .rodata.C.9.1942
                0x008000bb        0xa ./Application_Header.o
 .rodata.C.2.1643
                0x008000c5        0xd ./Application_Header.o
 *(.gnu.linkonce.d*)
                0x008000d2                . = ALIGN (0x2)
                0x008000d2                _edata = .
                0x008000d2                PROVIDE (__data_end, .)

.bss            0x008000d2       0x1f
                0x008000d2                PROVIDE (__bss_start, .)
 *(.bss)
 .bss           0x008000d2        0x0 d:/imt_embedded/imt_sdk_win_64.rar-20230816t063513z-001/imt_sdk_win_64/imt_sdk_win_64/winavr/bin/../lib/gcc/avr/4.3.3/../../../../avr/lib/avr5/crtm32.o
 .bss           0x008000d2        0x0 ./ADC.o
 .bss           0x008000d2        0x0 ./Application_Header.o
 .bss           0x008000d2        0x0 ./DIO.o
 .bss           0x008000d2        0x0 ./HomemadeRTOS.o
 .bss           0x008000d2        0x0 ./I2C.o
 .bss           0x008000d2        0x0 ./Internal_EEPROM.o
 .bss           0x008000d2        0x0 ./Interrupt.o
 .bss           0x008000d2        0x0 ./Keypad.o
 .bss           0x008000d2        0x0 ./LCD.o
 .bss           0x008000d2        0x0 ./SPI.o
 .bss           0x008000d2        0x0 ./Timer0.o
 .bss           0x008000d2        0x0 ./Timer1.o
 .bss           0x008000d2        0x0 ./UART.o
 .bss           0x008000d2        0x0 ./ds3231.o
 .bss           0x008000d2        0x0 ./main.o
 .bss           0x008000d2        0x0 ./ssd1306.o
 .bss           0x008000d2        0x0 d:/imt_embedded/imt_sdk_win_64.rar-20230816t063513z-001/imt_sdk_win_64/imt_sdk_win_64/winavr/bin/../lib/gcc/avr/4.3.3/avr5\libgcc.a(_mulsi3.o)
 .bss           0x008000d2        0x0 d:/imt_embedded/imt_sdk_win_64.rar-20230816t063513z-001/imt_sdk_win_64/imt_sdk_win_64/winavr/bin/../lib/gcc/avr/4.3.3/avr5\libgcc.a(_udivmodqi4.o)
 .bss           0x008000d2        0x0 d:/imt_embedded/imt_sdk_win_64.rar-20230816t063513z-001/imt_sdk_win_64/imt_sdk_win_64/winavr/bin/../lib/gcc/avr/4.3.3/avr5\libgcc.a(_udivmodhi4.o)
 .bss           0x008000d2        0x0 d:/imt_embedded/imt_sdk_win_64.rar-20230816t063513z-001/imt_sdk_win_64/imt_sdk_win_64/winavr/bin/../lib/gcc/avr/4.3.3/avr5\libgcc.a(_divmodhi4.o)
 .bss           0x008000d2        0x0 d:/imt_embedded/imt_sdk_win_64.rar-20230816t063513z-001/imt_sdk_win_64/imt_sdk_win_64/winavr/bin/../lib/gcc/avr/4.3.3/avr5\libgcc.a(_udivmodsi4.o)
 .bss           0x008000d2        0x0 d:/imt_embedded/imt_sdk_win_64.rar-20230816t063513z-001/imt_sdk_win_64/imt_sdk_win_64/winavr/bin/../lib/gcc/avr/4.3.3/avr5\libgcc.a(_divmodsi4.o)
 .bss           0x008000d2        0x0 d:/imt_embedded/imt_sdk_win_64.rar-20230816t063513z-001/imt_sdk_win_64/imt_sdk_win_64/winavr/bin/../lib/gcc/avr/4.3.3/avr5\libgcc.a(_exit.o)
 .bss           0x008000d2        0x0 d:/imt_embedded/imt_sdk_win_64.rar-20230816t063513z-001/imt_sdk_win_64/imt_sdk_win_64/winavr/bin/../lib/gcc/avr/4.3.3/avr5\libgcc.a(_copy_data.o)
 .bss           0x008000d2        0x0 d:/imt_embedded/imt_sdk_win_64.rar-20230816t063513z-001/imt_sdk_win_64/imt_sdk_win_64/winavr/bin/../lib/gcc/avr/4.3.3/avr5\libgcc.a(_clear_bss.o)
 .bss           0x008000d2        0x0 d:/imt_embedded/imt_sdk_win_64.rar-20230816t063513z-001/imt_sdk_win_64/imt_sdk_win_64/winavr/bin/../lib/gcc/avr/4.3.3/../../../../avr/lib/avr5\libc.a(eerd_byte_atmega32.o)
 *(.bss*)
 .bss.username  0x008000d2        0x5 ./Application_Header.o
                0x008000d2                username
 .bss.status.2151
                0x008000d7        0x1 ./Application_Header.o
 .bss.arr       0x008000d8        0xf ./HomemadeRTOS.o
                0x008000d8                arr
 .bss.index.1335
                0x008000e7        0x1 ./HomemadeRTOS.o
 .bss.VAL.1286  0x008000e8        0x1 ./Keypad.o
 .bss.NUM_OVF   0x008000e9        0x4 ./Timer0.o
                0x008000e9                NUM_OVF
 .bss.INIT_VAL  0x008000ed        0x4 ./Timer0.o
                0x008000ed                INIT_VAL
 *(COMMON)
                0x008000f1                PROVIDE (__bss_end, .)
                0x00003002                __data_load_start = LOADADDR (.data)
                0x00003074                __data_load_end = (__data_load_start + SIZEOF (.data))

.noinit         0x008000f1        0x0
                0x008000f1                PROVIDE (__noinit_start, .)
 *(.noinit*)
                0x008000f1                PROVIDE (__noinit_end, .)
                0x008000f1                _end = .
                0x008000f1                PROVIDE (__heap_start, .)

.eeprom         0x00810000        0x0
 *(.eeprom*)
                0x00810000                __eeprom_end = .

.fuse
 *(.fuse)
 *(.lfuse)
 *(.hfuse)
 *(.efuse)

.lock
 *(.lock*)

.signature
 *(.signature*)

.stab           0x00000000     0x6d74
 *(.stab)
 .stab          0x00000000      0x33c ./ADC.o
 .stab          0x0000033c     0x3354 ./Application_Header.o
                               0x33cc (size before relaxing)
 .stab          0x00003690      0x648 ./DIO.o
                                0x6c0 (size before relaxing)
 .stab          0x00003cd8      0x4bc ./HomemadeRTOS.o
                                0x6c0 (size before relaxing)
 .stab          0x00004194      0x3e4 ./I2C.o
                                0x468 (size before relaxing)
 .stab          0x00004578      0x24c ./Internal_EEPROM.o
                                0x474 (size before relaxing)
 .stab          0x000047c4      0x228 ./Interrupt.o
                                0x2ac (size before relaxing)
 .stab          0x000049ec      0x354 ./Keypad.o
                                0x570 (size before relaxing)
 .stab          0x00004d40      0x660 ./LCD.o
                                0x888 (size before relaxing)
 .stab          0x000053a0      0x2a0 ./SPI.o
                                0x324 (size before relaxing)
 .stab          0x00005640      0x360 ./Timer0.o
                                0x3e4 (size before relaxing)
 .stab          0x000059a0      0x264 ./Timer1.o
                                0x2e8 (size before relaxing)
 .stab          0x00005c04      0x288 ./UART.o
                                0x30c (size before relaxing)
 .stab          0x00005e8c      0x3c0 ./ds3231.o
                                0x48c (size before relaxing)
 .stab          0x0000624c      0x210 ./main.o
                                0x4d4 (size before relaxing)
 .stab          0x0000645c      0x918 ./ssd1306.o
                                0x99c (size before relaxing)

.stabstr        0x00000000     0x211d
 *(.stabstr)
 .stabstr       0x00000000     0x211d ./ADC.o

.stab.excl
 *(.stab.excl)

.stab.exclstr
 *(.stab.exclstr)

.stab.index
 *(.stab.index)

.stab.indexstr
 *(.stab.indexstr)

.comment
 *(.comment)

.debug
 *(.debug)

.line
 *(.line)

.debug_srcinfo
 *(.debug_srcinfo)

.debug_sfnames
 *(.debug_sfnames)

.debug_aranges
 *(.debug_aranges)

.debug_pubnames
 *(.debug_pubnames)

.debug_info
 *(.debug_info)
 *(.gnu.linkonce.wi.*)

.debug_abbrev
 *(.debug_abbrev)

.debug_line
 *(.debug_line)

.debug_frame
 *(.debug_frame)

.debug_str
 *(.debug_str)

.debug_loc
 *(.debug_loc)

.debug_macinfo
 *(.debug_macinfo)
OUTPUT(Interfacing.elf elf32-avr)
LOAD linker stubs
